Component: Arm Compiler for Embedded 6.21 Tool: armlink [5ec1fa00]

==============================================================================

Section Cross References

    startup_stm32f407xx.o(STACK) refers (Special) to heapauxi.o(.text) for __use_two_region_memory
    startup_stm32f407xx.o(HEAP) refers (Special) to heapauxi.o(.text) for __use_two_region_memory
    startup_stm32f407xx.o(RESET) refers (Special) to heapauxi.o(.text) for __use_two_region_memory
    startup_stm32f407xx.o(RESET) refers to startup_stm32f407xx.o(STACK) for __initial_sp
    startup_stm32f407xx.o(RESET) refers to startup_stm32f407xx.o(.text) for Reset_Handler
    startup_stm32f407xx.o(RESET) refers to stm32f4xx_it.o(.text.NMI_Handler) for NMI_Handler
    startup_stm32f407xx.o(RESET) refers to stm32f4xx_it.o(.text.HardFault_Handler) for HardFault_Handler
    startup_stm32f407xx.o(RESET) refers to stm32f4xx_it.o(.text.MemManage_Handler) for MemManage_Handler
    startup_stm32f407xx.o(RESET) refers to stm32f4xx_it.o(.text.BusFault_Handler) for BusFault_Handler
    startup_stm32f407xx.o(RESET) refers to stm32f4xx_it.o(.text.UsageFault_Handler) for UsageFault_Handler
    startup_stm32f407xx.o(RESET) refers to stm32f4xx_it.o(.text.SVC_Handler) for SVC_Handler
    startup_stm32f407xx.o(RESET) refers to stm32f4xx_it.o(.text.DebugMon_Handler) for DebugMon_Handler
    startup_stm32f407xx.o(RESET) refers to stm32f4xx_it.o(.text.PendSV_Handler) for PendSV_Handler
    startup_stm32f407xx.o(RESET) refers to stm32f4xx_it.o(.text.SysTick_Handler) for SysTick_Handler
    startup_stm32f407xx.o(RESET) refers to stm32f4xx_it.o(.text.ADC_IRQHandler) for ADC_IRQHandler
    startup_stm32f407xx.o(RESET) refers to stm32f4xx_it.o(.text.TIM2_IRQHandler) for TIM2_IRQHandler
    startup_stm32f407xx.o(RESET) refers to stm32f4xx_it.o(.text.DMA2_Stream0_IRQHandler) for DMA2_Stream0_IRQHandler
    startup_stm32f407xx.o(.text) refers (Special) to heapauxi.o(.text) for __use_two_region_memory
    startup_stm32f407xx.o(.text) refers to system_stm32f4xx.o(.text.SystemInit) for SystemInit
    startup_stm32f407xx.o(.text) refers to __main.o(!!!main) for __main
    startup_stm32f407xx.o(.text) refers to startup_stm32f407xx.o(HEAP) for Heap_Mem
    startup_stm32f407xx.o(.text) refers to startup_stm32f407xx.o(STACK) for Stack_Mem
    main.o(.text) refers (Special) to _printf_percent.o(.ARM.Collect$$_printf_percent$$00000000) for _printf_percent
    main.o(.text) refers (Special) to _printf_f.o(.ARM.Collect$$_printf_percent$$00000003) for _printf_f
    main.o(.text) refers (Special) to printf1.o(x$fpl$printf1) for _printf_fp_dec
    main.o(.text.Generate_Gaussian_Noise) refers (Special) to _printf_percent.o(.ARM.Collect$$_printf_percent$$00000000) for _printf_percent
    main.o(.text.Generate_Gaussian_Noise) refers (Special) to _printf_f.o(.ARM.Collect$$_printf_percent$$00000003) for _printf_f
    main.o(.text.Generate_Gaussian_Noise) refers (Special) to printf1.o(x$fpl$printf1) for _printf_fp_dec
    main.o(.text.Generate_Gaussian_Noise) refers to rand.o(.emb_text) for rand
    main.o(.text.Generate_Gaussian_Noise) refers to logf.o(i.__hardfp_logf) for __hardfp_logf
    main.o(.text.Generate_Gaussian_Noise) refers to f2d.o(x$fpl$f2d) for __aeabi_f2d
    main.o(.text.Generate_Gaussian_Noise) refers to dmul.o(x$fpl$dmul) for __aeabi_dmul
    main.o(.text.Generate_Gaussian_Noise) refers to d2f.o(x$fpl$d2f) for __aeabi_d2f
    main.o(.text.Generate_Gaussian_Noise) refers to cosf.o(i.__hardfp_cosf) for __hardfp_cosf
    main.o(.ARM.exidx.text.Generate_Gaussian_Noise) refers (Special) to _printf_percent.o(.ARM.Collect$$_printf_percent$$00000000) for _printf_percent
    main.o(.ARM.exidx.text.Generate_Gaussian_Noise) refers (Special) to _printf_f.o(.ARM.Collect$$_printf_percent$$00000003) for _printf_f
    main.o(.ARM.exidx.text.Generate_Gaussian_Noise) refers (Special) to printf1.o(x$fpl$printf1) for _printf_fp_dec
    main.o(.ARM.exidx.text.Generate_Gaussian_Noise) refers to main.o(.text.Generate_Gaussian_Noise) for [Anonymous Symbol]
    main.o(.text.Generate_Gaussian) refers (Special) to _printf_percent.o(.ARM.Collect$$_printf_percent$$00000000) for _printf_percent
    main.o(.text.Generate_Gaussian) refers (Special) to _printf_f.o(.ARM.Collect$$_printf_percent$$00000003) for _printf_f
    main.o(.text.Generate_Gaussian) refers (Special) to printf1.o(x$fpl$printf1) for _printf_fp_dec
    main.o(.text.Generate_Gaussian) refers to expf.o(i.__hardfp_expf) for __hardfp_expf
    main.o(.ARM.exidx.text.Generate_Gaussian) refers (Special) to _printf_percent.o(.ARM.Collect$$_printf_percent$$00000000) for _printf_percent
    main.o(.ARM.exidx.text.Generate_Gaussian) refers (Special) to _printf_f.o(.ARM.Collect$$_printf_percent$$00000003) for _printf_f
    main.o(.ARM.exidx.text.Generate_Gaussian) refers (Special) to printf1.o(x$fpl$printf1) for _printf_fp_dec
    main.o(.ARM.exidx.text.Generate_Gaussian) refers to main.o(.text.Generate_Gaussian) for [Anonymous Symbol]
[...]
    stm32f4xx_hal_pwr.c                      0x00000000   Number         0  stm32f4xx_hal_pwr.o ABSOLUTE
    stm32f4xx_hal_pwr_ex.c                   0x00000000   Number         0  stm32f4xx_hal_pwr_ex.o ABSOLUTE
    stm32f4xx_hal_rcc.c                      0x00000000   Number         0  stm32f4xx_hal_rcc.o ABSOLUTE
    stm32f4xx_hal_rcc_ex.c                   0x00000000   Number         0  stm32f4xx_hal_rcc_ex.o ABSOLUTE
    stm32f4xx_hal_tim.c                      0x00000000   Number         0  stm32f4xx_hal_tim.o ABSOLUTE
    stm32f4xx_hal_tim_ex.c                   0x00000000   Number         0  stm32f4xx_hal_tim_ex.o ABSOLUTE
    stm32f4xx_hal_uart.c                     0x00000000   Number         0  stm32f4xx_hal_uart.o ABSOLUTE
    stm32f4xx_it.c                           0x00000000   Number         0  stm32f4xx_it.o ABSOLUTE
    stm32f4xx_ll_adc.c                       0x00000000   Number         0  stm32f4xx_ll_adc.o ABSOLUTE
    system_stm32f4xx.c                       0x00000000   Number         0  system_stm32f4xx.o ABSOLUTE
    tim.c                                    0x00000000   Number         0  tim.o ABSOLUTE
    usart.c                                  0x00000000   Number         0  usart.o ABSOLUTE
    RESET                                    0x08000000   Section      392  startup_stm32f407xx.o(RESET)
    !!!main                                  0x08000188   Section        8  __main.o(!!!main)
    !!!scatter                               0x08000190   Section       92  __scatter.o(!!!scatter)
    !!handler_copy                           0x080001ec   Section       26  __scatter_copy.o(!!handler_copy)
    !!handler_null                           0x08000208   Section        2  __scatter.o(!!handler_null)
    !!handler_zi                             0x0800020c   Section       28  __scatter_zi.o(!!handler_zi)
    .ARM.Collect$$_printf_percent$$00000000  0x08000228   Section        0  _printf_percent.o(.ARM.Collect$$_printf_percent$$00000000)
    .ARM.Collect$$_printf_percent$$00000003  0x08000228   Section        6  _printf_f.o(.ARM.Collect$$_printf_percent$$00000003)
    .ARM.Collect$$_printf_percent$$00000017  0x0800022e   Section        4  _printf_percent_end.o(.ARM.Collect$$_printf_percent$$00000017)
    .ARM.Collect$$libinit$$00000000          0x08000232   Section        2  libinit.o(.ARM.Collect$$libinit$$00000000)
    .ARM.Collect$$libinit$$00000001          0x08000234   Section        4  libinit2.o(.ARM.Collect$$libinit$$00000001)
    .ARM.Collect$$libinit$$00000004          0x08000238   Section        0  libinit2.o(.ARM.Collect$$libinit$$00000004)
    .ARM.Collect$$libinit$$00000006          0x08000238   Section        0  libinit2.o(.ARM.Collect$$libinit$$00000006)
    .ARM.Collect$$libinit$$0000000C          0x08000238   Section        0  libinit2.o(.ARM.Collect$$libinit$$0000000C)
    .ARM.Collect$$libinit$$0000000E          0x08000238   Section        0  libinit2.o(.ARM.Collect$$libinit$$0000000E)
    .ARM.Collect$$libinit$$0000000F          0x08000238   Section        4  libinit2.o(.ARM.Collect$$libinit$$0000000F)
    .ARM.Collect$$libinit$$00000010          0x0800023c   Section        0  libinit2.o(.ARM.Collect$$libinit$$00000010)
    .ARM.Collect$$libinit$$00000011          0x0800023c   Section        6  libinit2.o(.ARM.Collect$$libinit$$00000011)
    .ARM.Collect$$libinit$$00000013          0x08000242   Section        0  libinit2.o(.ARM.Collect$$libinit$$00000013)
    .ARM.Collect$$libinit$$00000015          0x08000242   Section        0  libinit2.o(.ARM.Collect$$libinit$$00000015)
    .ARM.Collect$$libinit$$00000017          0x08000242   Section        0  libinit2.o(.ARM.Collect$$libinit$$00000017)
    .ARM.Collect$$libinit$$00000018          0x08000242   Section       10  libinit2.o(.ARM.Collect$$libinit$$00000018)
    .ARM.Collect$$libinit$$00000019          0x0800024c   Section        0  libinit2.o(.ARM.Collect$$libinit$$00000019)
    .ARM.Collect$$libinit$$0000001B          0x0800024c   Section        0  libinit2.o(.ARM.Collect$$libinit$$0000001B)
    .ARM.Collect$$libinit$$0000001D          0x0800024c   Section        0  libinit2.o(.ARM.Collect$$libinit$$0000001D)
    .ARM.Collect$$libinit$$0000001F          0x0800024c   Section        0  libinit2.o(.ARM.Collect$$libinit$$0000001F)
    .ARM.Collect$$libinit$$00000021          0x0800024c   Section        0  libinit2.o(.ARM.Collect$$libinit$$00000021)
    .ARM.Collect$$libinit$$00000023          0x0800024c   Section        0  libinit2.o(.ARM.Collect$$libinit$$00000023)
    .ARM.Collect$$libinit$$00000025          0x0800024c   Section        0  libinit2.o(.ARM.Collect$$libinit$$00000025)
    .ARM.Collect$$libinit$$00000027          0x0800024c   Section        0  libinit2.o(.ARM.Collect$$libinit$$00000027)
    .ARM.Collect$$libinit$$0000002E          0x0800024c   Section        0  libinit2.o(.ARM.Collect$$libinit$$0000002E)
    .ARM.Collect$$libinit$$00000030          0x0800024c   Section        0  libinit2.o(.ARM.Collect$$libinit$$00000030)
    .ARM.Collect$$libinit$$00000032          0x0800024c   Section        0  libinit2.o(.ARM.Collect$$libinit$$00000032)
    .ARM.Collect$$libinit$$00000034          0x0800024c   Section        0  libinit2.o(.ARM.Collect$$libinit$$00000034)
    .ARM.Collect$$libinit$$00000035          0x0800024c   Section        2  libinit2.o(.ARM.Collect$$libinit$$00000035)
    .ARM.Collect$$libshutdown$$00000000      0x0800024e   Section        2  libshutdown.o(.ARM.Collect$$libshutdown$$00000000)
    .ARM.Collect$$libshutdown$$00000002      0x08000250   Section        0  libshutdown2.o(.ARM.Collect$$libshutdown$$00000002)
    .ARM.Collect$$libshutdown$$00000004      0x08000250   Section        0  libshutdown2.o(.ARM.Collect$$libshutdown$$00000004)
    .ARM.Collect$$libshutdown$$00000007      0x08000250   Section        0  libshutdown2.o(.ARM.Collect$$libshutdown$$00000007)
    .ARM.Collect$$libshutdown$$0000000A      0x08000250   Section        0  libshutdown2.o(.ARM.Collect$$libshutdown$$0000000A)
    .ARM.Collect$$libshutdown$$0000000C      0x08000250   Section        0  libshutdown2.o(.ARM.Collect$$libshutdown$$0000000C)
    .ARM.Collect$$libshutdown$$0000000F      0x08000250   Section        0  libshutdown2.o(.ARM.Collect$$libshutdown$$0000000F)
    .ARM.Collect$$libshutdown$$00000010      0x08000250   Section        2  libshutdown2.o(.ARM.Collect$$libshutdown$$00000010)
    .ARM.Collect$$rtentry$$00000000          0x08000252   Section        0  __rtentry.o(.ARM.Collect$$rtentry$$00000000)
    .ARM.Collect$$rtentry$$00000002          0x08000252   Section        0  __rtentry2.o(.ARM.Collect$$rtentry$$00000002)
    .ARM.Collect$$rtentry$$00000004          0x08000252   Section        6  __rtentry4.o(.ARM.Collect$$rtentry$$00000004)
    .ARM.Collect$$rtentry$$00000009          0x08000258   Section        0  __rtentry2.o(.ARM.Collect$$rtentry$$00000009)
    .ARM.Collect$$rtentry$$0000000A          0x08000258   Section        4  __rtentry2.o(.ARM.Collect$$rtentry$$0000000A)
    .ARM.Collect$$rtentry$$0000000C          0x0800025c   Section        0  __rtentry2.o(.ARM.Collect$$rtentry$$0000000C)
    .ARM.Collect$$rtentry$$0000000D          0x0800025c   Section        8  __rtentry2.o(.ARM.Collect$$rtentry$$0000000D)
    .ARM.Collect$$rtexit$$00000000           0x08000264   Section        2  rtexit.o(.ARM.Collect$$rtexit$$00000000)
    .ARM.Collect$$rtexit$$00000002           0x08000266   Section        0  rtexit2.o(.ARM.Collect$$rtexit$$00000002)
    .ARM.Collect$$rtexit$$00000003           0x08000266   Section        4  rtexit2.o(.ARM.Collect$$rtexit$$00000003)
    .ARM.Collect$$rtexit$$00000004           0x0800026a   Section        6  rtexit2.o(.ARM.Collect$$rtexit$$00000004)
    .emb_text                                0x08000270   Section       52  rand.o(.emb_text)
    $v0                                      0x080002a4   Number         0  startup_stm32f407xx.o(.text)
    .text                                    0x080002a4   Section       64  startup_stm32f407xx.o(.text)
    .text                                    0x080002e4   Section      240  lludivv7m.o(.text)
    .text                                    0x080003d4   Section        0  noretval__2sprintf.o(.text)
    .text                                    0x080003fc   Section        0  __printf_wp.o(.text)
    .text                                    0x0800050c   Section        0  rand.o(.text)
    .text                                    0x08000548   Section        0  strlen.o(.text)
    .text                                    0x08000586   Section        0  heapauxi.o(.text)
    .text                                    0x0800058c   Section        0  _rserrno.o(.text)
    _fp_digits                               0x080005a3   Thumb Code   432  _printf_fp_dec.o(.text)
    .text                                    0x080005a2   Section        0  _printf_fp_dec.o(.text)
    _printf_input_char                       0x080009c1   Thumb Code    10  _printf_char_common.o(.text)
    .text                                    0x080009c0   Section        0  _printf_char_common.o(.text)
    .text                                    0x080009f0   Section        0  _sputc.o(.text)
    .text                                    0x080009fc   Section        8  rt_locale_intlibspace.o(.text)
    .text                                    0x08000a04   Section        8  rt_errno_addr_intlibspace.o(.text)
    .text                                    0x08000a0c   Section      138  lludiv10.o(.text)
    .text                                    0x08000a98   Section        0  _printf_fp_infnan.o(.text)
    .text                                    0x08000b18   Section        0  bigflt0.o(.text)
    .text                                    0x08000bfc   Section        8  libspace.o(.text)
    .text                                    0x08000c04   Section       74  sys_stackheap_outer.o(.text)
    .text                                    0x08000c4e   Section        0  exit.o(.text)
    .text                                    0x08000c60   Section      124  strcmpv7em.o(.text)
    .text                                    0x08000cdc   Section        0  sys_exit.o(.text)
    .text                                    0x08000ce8   Section        2  use_no_semi.o(.text)
    .text                                    0x08000cea   Section        0  indicate_semi.o(.text)
    [Anonymous Symbol]                       0x08000cec   Section        0  stm32f4xx_it.o(.text.ADC_IRQHandler)
    [Anonymous Symbol]                       0x08000cf8   Section        0  stm32f4xx_it.o(.text.BusFault_Handler)
    [Anonymous Symbol]                       0x08000cfc   Section        0  stm32f4xx_it.o(.text.DMA2_Stream0_IRQHandler)
    [Anonymous Symbol]                       0x08000d08   Section        0  stm32f4xx_it.o(.text.DebugMon_Handler)
    [Anonymous Symbol]                       0x08000d0c   Section        0  main.o(.text.Error_Handler)
    [Anonymous Symbol]                       0x08000d18   Section        0  main.o(.text.Generate_Gaussian_Noise)
    [Anonymous Symbol]                       0x08000d94   Section        0  main.o(.text.Generate_Gaussian_With_Mutation)
    [Anonymous Symbol]                       0x08000f70   Section        0  stm32f4xx_hal_adc_ex.o(.text.HAL_ADCEx_InjectedConvCpltCallback)
    [Anonymous Symbol]                       0x08000f74   Section        0  stm32f4xx_hal_adc.o(.text.HAL_ADC_ConfigChannel)
    [Anonymous Symbol]                       0x080010bc   Section        0  stm32f4xx_hal_adc.o(.text.HAL_ADC_ConvCpltCallback)
    [Anonymous Symbol]                       0x080010c0   Section        0  stm32f4xx_hal_adc.o(.text.HAL_ADC_ErrorCallback)
    [Anonymous Symbol]                       0x080010c4   Section        0  stm32f4xx_hal_adc.o(.text.HAL_ADC_IRQHandler)
    [Anonymous Symbol]                       0x080011fc   Section        0  stm32f4xx_hal_adc.o(.text.HAL_ADC_Init)
    [Anonymous Symbol]                       0x0800135c   Section        0  stm32f4xx_hal_adc.o(.text.HAL_ADC_LevelOutOfWindowCallback)
    [Anonymous Symbol]                       0x08001360   Section        0  adc.o(.text.HAL_ADC_MspInit)
    [Anonymous Symbol]                       0x08001420   Section        0  stm32f4xx_hal_dma.o(.text.HAL_DMA_IRQHandler)
    [Anonymous Symbol]                       0x080015e0   Section        0  stm32f4xx_hal_dma.o(.text.HAL_DMA_Init)
    [Anonymous Symbol]                       0x08001744   Section        0  stm32f4xx_hal_gpio.o(.text.HAL_GPIO_Init)
    [Anonymous Symbol]                       0x080018e4   Section        0  stm32f4xx_hal.o(.text.HAL_GetTick)
    [Anonymous Symbol]                       0x080018f0   Section        0  stm32f4xx_hal.o(.text.HAL_IncTick)
    [Anonymous Symbol]                       0x0800190c   Section        0  stm32f4xx_hal.o(.text.HAL_Init)
    [Anonymous Symbol]                       0x08001944   Section        0  stm32f4xx_hal.o(.text.HAL_InitTick)
    [Anonymous Symbol]                       0x0800198c   Section        0  stm32f4xx_hal_msp.o(.text.HAL_MspInit)
    [Anonymous Symbol]                       0x080019c4   Section        0  stm32f4xx_hal_cortex.o(.text.HAL_NVIC_EnableIRQ)
    [Anonymous Symbol]                       0x080019e8   Section        0  stm32f4xx_hal_cortex.o(.text.HAL_NVIC_SetPriority)
    [Anonymous Symbol]                       0x08001a40   Section        0  stm32f4xx_hal_cortex.o(.text.HAL_NVIC_SetPriorityGrouping)
    [Anonymous Symbol]                       0x08001a60   Section        0  stm32f4xx_hal_rcc.o(.text.HAL_RCC_ClockConfig)
    [Anonymous Symbol]                       0x08001bc4   Section        0  stm32f4xx_hal_rcc.o(.text.HAL_RCC_GetPCLK1Freq)
    [Anonymous Symbol]                       0x08001bec   Section        0  stm32f4xx_hal_rcc.o(.text.HAL_RCC_GetPCLK2Freq)
    [Anonymous Symbol]                       0x08001c14   Section        0  stm32f4xx_hal_rcc.o(.text.HAL_RCC_GetSysClockFreq)
    [Anonymous Symbol]                       0x08001c80   Section        0  stm32f4xx_hal_rcc.o(.text.HAL_RCC_OscConfig)
    [Anonymous Symbol]                       0x08002030   Section        0  stm32f4xx_hal_cortex.o(.text.HAL_SYSTICK_Config)
    [Anonymous Symbol]                       0x0800205c   Section        0  stm32f4xx_hal_tim_ex.o(.text.HAL_TIMEx_BreakCallback)
    [Anonymous Symbol]                       0x08002060   Section        0  stm32f4xx_hal_tim_ex.o(.text.HAL_TIMEx_CommutCallback)
    [Anonymous Symbol]                       0x08002064   Section        0  stm32f4xx_hal_tim_ex.o(.text.HAL_TIMEx_MasterConfigSynchronization)
    [Anonymous Symbol]                       0x08002120   Section        0  stm32f4xx_hal_tim.o(.text.HAL_TIM_Base_Init)
    [Anonymous Symbol]                       0x0800217c   Section        0  tim.o(.text.HAL_TIM_Base_MspInit)
    [Anonymous Symbol]                       0x080021c0   Section        0  stm32f4xx_hal_tim.o(.text.HAL_TIM_Base_Start_IT)
    [Anonymous Symbol]                       0x0800226c   Section        0  stm32f4xx_hal_tim.o(.text.HAL_TIM_ConfigClockSource)
    [Anonymous Symbol]                       0x0800240c   Section        0  stm32f4xx_hal_tim.o(.text.HAL_TIM_IC_CaptureCallback)
    [Anonymous Symbol]                       0x08002410   Section        0  stm32f4xx_hal_tim.o(.text.HAL_TIM_IRQHandler)
    [Anonymous Symbol]                       0x08002560   Section        0  stm32f4xx_hal_tim.o(.text.HAL_TIM_OC_DelayElapsedCallback)
    [Anonymous Symbol]                       0x08002564   Section        0  stm32f4xx_hal_tim.o(.text.HAL_TIM_PWM_PulseFinishedCallback)
    [Anonymous Symbol]                       0x08002568   Section        0  stm32f4xx_it.o(.text.HAL_TIM_PeriodElapsedCallback)
    [Anonymous Symbol]                       0x080025dc   Section        0  stm32f4xx_hal_tim.o(.text.HAL_TIM_TriggerCallback)
    [Anonymous Symbol]                       0x080025e0   Section        0  stm32f4xx_hal_uart.o(.text.HAL_UART_Init)
    [Anonymous Symbol]                       0x08002640   Section        0  usart.o(.text.HAL_UART_MspInit)
    [Anonymous Symbol]                       0x080026ac   Section        0  stm32f4xx_hal_uart.o(.text.HAL_UART_Transmit)
    [Anonymous Symbol]                       0x08002824   Section        0  stm32f4xx_it.o(.text.HardFault_Handler)
    [Anonymous Symbol]                       0x08002828   Section        0  adc.o(.text.MX_ADC1_Init)
    [Anonymous Symbol]                       0x08002898   Section        0  dma.o(.text.MX_DMA_Init)
    [Anonymous Symbol]                       0x080028d0   Section        0  gpio.o(.text.MX_GPIO_Init)
    [Anonymous Symbol]                       0x08002908   Section        0  tim.o(.text.MX_TIM2_Init)
    [Anonymous Symbol]                       0x0800297c   Section        0  usart.o(.text.MX_USART1_UART_Init)
    [Anonymous Symbol]                       0x080029b8   Section        0  stm32f4xx_it.o(.text.MemManage_Handler)
    [Anonymous Symbol]                       0x080029bc   Section        0  stm32f4xx_it.o(.text.NMI_Handler)
    [Anonymous Symbol]                       0x080029c0   Section        0  stm32f4xx_it.o(.text.PendSV_Handler)
    [Anonymous Symbol]                       0x080029c4   Section        0  stm32f4xx_it.o(.text.SVC_Handler)
    [Anonymous Symbol]                       0x080029c8   Section        0  main.o(.text.Send_Data_To_Vofa)
    [Anonymous Symbol]                       0x08002a2c   Section        0  stm32f4xx_it.o(.text.SysTick_Handler)
    [Anonymous Symbol]                       0x08002a30   Section        0  main.o(.text.SystemClock_Config)
    [Anonymous Symbol]                       0x08002ad8   Section        0  system_stm32f4xx.o(.text.SystemInit)
    [Anonymous Symbol]                       0x08002aec   Section        0  stm32f4xx_it.o(.text.TIM2_IRQHandler)
    [Anonymous Symbol]                       0x08002af8   Section        0  stm32f4xx_hal_tim.o(.text.TIM_Base_SetConfig)
    UART_SetConfig                           0x08002c45   Thumb Code   238  stm32f4xx_hal_uart.o(.text.UART_SetConfig)
    [Anonymous Symbol]                       0x08002c44   Section        0  stm32f4xx_hal_uart.o(.text.UART_SetConfig)
    [Anonymous Symbol]                       0x08002d34   Section        0  stm32f4xx_it.o(.text.UsageFault_Handler)
    [Anonymous Symbol]                       0x08002d38   Section        0  main.o(.text.main)
    CL$$btod_d2e                             0x08002d66   Section       62  btod.o(CL$$btod_d2e)
    CL$$btod_d2e_denorm_low                  0x08002da4   Section       70  btod.o(CL$$btod_d2e_denorm_low)
    CL$$btod_d2e_norm_op1                    0x08002dea   Section       96  btod.o(CL$$btod_d2e_norm_op1)
    CL$$btod_div_common                      0x08002e4c   Section      824  btod.o(CL$$btod_div_common)
    CL$$btod_e2e                             0x08003184   Section      220  btod.o(CL$$btod_e2e)
    CL$$btod_ediv                            0x08003260   Section       42  btod.o(CL$$btod_ediv)
    CL$$btod_emul                            0x0800328a   Section       42  btod.o(CL$$btod_emul)
    CL$$btod_mult_common                     0x080032b4   Section      580  btod.o(CL$$btod_mult_common)
    i.__ARM_fpclassify                       0x080034f8   Section        0  fpclassify.o(i.__ARM_fpclassify)
    i.__ARM_fpclassifyf                      0x08003528   Section        0  fpclassifyf.o(i.__ARM_fpclassifyf)
    i.__hardfp_cosf                          0x08003550   Section        0  cosf.o(i.__hardfp_cosf)
    i.__hardfp_expf                          0x080036a0   Section        0  expf.o(i.__hardfp_expf)
    i.__hardfp_logf                          0x0800388c   Section        0  logf.o(i.__hardfp_logf)
    i.__mathlib_flt_divzero                  0x080039f8   Section        0  funder.o(i.__mathlib_flt_divzero)
    i.__mathlib_flt_infnan                   0x08003a0c   Section        0  funder.o(i.__mathlib_flt_infnan)
    i.__mathlib_flt_invalid                  0x08003a14   Section        0  funder.o(i.__mathlib_flt_invalid)
    i.__mathlib_flt_overflow                 0x08003a24   Section        0  funder.o(i.__mathlib_flt_overflow)
    i.__mathlib_flt_underflow                0x08003a34   Section        0  funder.o(i.__mathlib_flt_underflow)
    i.__mathlib_rredf2                       0x08003a44   Section        0  rredf.o(i.__mathlib_rredf2)
    i._is_digit                              0x08003b98   Section        0  __printf_wp.o(i._is_digit)
    locale$$code                             0x08003ba8   Section       44  lc_numeric_c.o(locale$$code)
    $v0                                      0x08003bd4   Number         0  d2f.o(x$fpl$d2f)
    x$fpl$d2f                                0x08003bd4   Section       98  d2f.o(x$fpl$d2f)
    $v0                                      0x08003c38   Number         0  dmul.o(x$fpl$dmul)
    x$fpl$dmul                               0x08003c38   Section      340  dmul.o(x$fpl$dmul)
    $v0                                      0x08003d8c   Number         0  dnaninf.o(x$fpl$dnaninf)
    x$fpl$dnaninf                            0x08003d8c   Section      156  dnaninf.o(x$fpl$dnaninf)
    $v0                                      0x08003e28   Number         0  dretinf.o(x$fpl$dretinf)
    x$fpl$dretinf                            0x08003e28   Section       12  dretinf.o(x$fpl$dretinf)
    $v0                                      0x08003e34   Number         0  f2d.o(x$fpl$f2d)
    x$fpl$f2d                                0x08003e34   Section       86  f2d.o(x$fpl$f2d)
    $v0                                      0x08003e8a   Number         0  fnaninf.o(x$fpl$fnaninf)
    x$fpl$fnaninf                            0x08003e8a   Section      140  fnaninf.o(x$fpl$fnaninf)
    $v0                                      0x08003f16   Number         0  fpinit.o(x$fpl$fpinit)
    x$fpl$fpinit                             0x08003f16   Section       26  fpinit.o(x$fpl$fpinit)
    $v0                                      0x08003f30   Number         0  fretinf.o(x$fpl$fretinf)
    x$fpl$fretinf                            0x08003f30   Section       10  fretinf.o(x$fpl$fretinf)
    $v0                                      0x08003f3a   Number         0  printf1.o(x$fpl$printf1)
    x$fpl$printf1                            0x08003f3a   Section        4  printf1.o(x$fpl$printf1)
    x$fpl$usenofp                            0x08003f3e   Section        0  usenofp.o(x$fpl$usenofp)
    twotokover4top                           0x08003f40   Data          16  expf.o(.constdata)
    .constdata                               0x08003f40   Section       48  expf.o(.constdata)
    twotokover4bot                           0x08003f50   Data          16  expf.o(.constdata)
    twotokover4all                           0x08003f60   Data          16  expf.o(.constdata)
    logahi                                   0x08003f70   Data          32  logf.o(.constdata)
    .constdata                               0x08003f70   Section       64  logf.o(.constdata)
    logalo                                   0x08003f90   Data          32  logf.o(.constdata)
    twooverpi                                0x08003fb0   Data          32  rredf.o(.constdata)
    .constdata                               0x08003fb0   Section       32  rredf.o(.constdata)
    tenpwrs_x                                0x08003fd0   Data          60  bigflt0.o(.constdata)
    .constdata                               0x08003fd0   Section      148  bigflt0.o(.constdata)
    tenpwrs_i                                0x0800400c   Data          64  bigflt0.o(.constdata)
    DMA_CalcBaseAndBitshift.flagBitshiftOffset 0x0800407c   Data           8  stm32f4xx_hal_dma.o(.rodata.cst8)
    [Anonymous Symbol]                       0x0800407c   Section        0  stm32f4xx_hal_dma.o(.rodata.cst8)
    locale$$data                             0x080040a4   Section       28  lc_numeric_c.o(locale$$data)
    __lcnum_c_name                           0x080040a8   Data           2  lc_numeric_c.o(locale$$data)
    __lcnum_c_start                          0x080040b0   Data           0  lc_numeric_c.o(locale$$data)
    __lcnum_c_point                          0x080040bc   Data           0  lc_numeric_c.o(locale$$data)
    __lcnum_c_thousands                      0x080040be   Data           0  lc_numeric_c.o(locale$$data)
    __lcnum_c_grouping                       0x080040bf   Data           0  lc_numeric_c.o(locale$$data)
    __lcnum_c_end                            0x080040c0   Data           0  lc_numeric_c.o(locale$$data)
    .L_MergedGlobals                         0x20000000   Data           8  stm32f4xx_hal.o(.data..L_MergedGlobals)
    [Anonymous Symbol]                       0x20000000   Section        0  stm32f4xx_hal.o(.data..L_MergedGlobals)
    .bss                                     0x20000010   Section      228  rand.o(.bss)
    .bss                                     0x200000f4   Section       96  libspace.o(.bss)
    Heap_Mem                                 0x200008d8   Data         512  startup_stm32f407xx.o(HEAP)
    HEAP                                     0x200008d8   Section      512  startup_stm32f407xx.o(HEAP)
    Stack_Mem                                0x20000ad8   Data        1024  startup_stm32f407xx.o(STACK)
    STACK                                    0x20000ad8   Section     1024  startup_stm32f407xx.o(STACK)
    __initial_sp                             0x20000ed8   Data           0  startup_stm32f407xx.o(STACK)

    Global Symbols

    Symbol Name                              Value     Ov Type        Size  Object(Section)

    BuildAttributes$$THM_ISAv4$E$P$D$K$B$S$7EM$VFPi3$EXTD16$VFPS$VFMA$PE$A:L22UL41UL21$X:L11$S22US41US21$IEEE1$IW$~IW$USESV6$~STKCKD$USESV7$~SHL$OTIME$ROPI$IEEEX$EBA8$UX$STANDARDLIB$REQ8$PRES8$EABIv2 0x00000000   Number         0  anon$$obj.o ABSOLUTE
    _printf_flags                            0x00000000   Number         0  printf_stubs.o ABSOLUTE
    _printf_return_value                     0x00000000   Number         0  printf_stubs.o ABSOLUTE
    _printf_sizespec                         0x00000000   Number         0  printf_stubs.o ABSOLUTE
    _printf_widthprec                        0x00000000   Number         0  printf_stubs.o ABSOLUTE
    __ARM_exceptions_init                     - Undefined Weak Reference
    __alloca_initialize                       - Undefined Weak Reference
    __arm_preinit_                            - Undefined Weak Reference
    __arm_relocate_pie_                       - Undefined Weak Reference
    __cpp_initialize__aeabi_                  - Undefined Weak Reference
    __cxa_finalize                            - Undefined Weak Reference
    __sigvec_lookup                           - Undefined Weak Reference
    _atexit_init                              - Undefined Weak Reference
    _call_atexit_fns                          - Undefined Weak Reference
    _clock_init                               - Undefined Weak Reference
    _fp_trap_init                             - Undefined Weak Reference
    _fp_trap_shutdown                         - Undefined Weak Reference
    _get_lc_collate                           - Undefined Weak Reference
    _get_lc_ctype                             - Undefined Weak Reference
    _get_lc_monetary                          - Undefined Weak Reference
    _get_lc_time                              - Undefined Weak Reference
    _getenv_init                              - Undefined Weak Reference
    _handle_redirection                       - Undefined Weak Reference
    _init_alloc                               - Undefined Weak Reference
    _init_user_alloc                          - Undefined Weak Reference
    _initio                                   - Undefined Weak Reference
    _printf_post_padding                      - Undefined Weak Reference
    _printf_pre_padding                       - Undefined Weak Reference
    _signal_finish                            - Undefined Weak Reference
    _signal_init                              - Undefined Weak Reference
    _terminate_alloc                          - Undefined Weak Reference
    _terminate_user_alloc                     - Undefined Weak Reference
    _terminateio                              - Undefined Weak Reference
    __Vectors_Size                           0x00000188   Number         0  startup_stm32f407xx.o ABSOLUTE
    __Vectors                                0x08000000   Data           4  startup_stm32f407xx.o(RESET)
    __Vectors_End                            0x08000188   Data           0  startup_stm32f407xx.o(RESET)
    __main                                   0x08000189   Thumb Code     8  __main.o(!!!main)
    __scatterload                            0x08000191   Thumb Code     0  __scatter.o(!!!scatter)
    __scatterload_rt2                        0x08000191   Thumb Code    84  __scatter.o(!!!scatter)
    __scatterload_rt2_thumb_only             0x08000191   Thumb Code     0  __scatter.o(!!!scatter)
    __scatterload_loop                       0x0800019b   Thumb Code     0  __scatter.o(!!!scatter)
    __scatterload_copy                       0x080001ed   Thumb Code    26  __scatter_copy.o(!!handler_copy)
    __scatterload_null                       0x08000209   Thumb Code     2  __scatter.o(!!handler_null)
    __scatterload_zeroinit                   0x0800020d   Thumb Code    28  __scatter_zi.o(!!handler_zi)
    _printf_f                                0x08000229   Thumb Code     0  _printf_f.o(.ARM.Collect$$_printf_percent$$00000003)
    _printf_percent                          0x08000229   Thumb Code     0  _printf_percent.o(.ARM.Collect$$_printf_percent$$00000000)
    _printf_percent_end                      0x0800022f   Thumb Code     0  _printf_percent_end.o(.ARM.Collect$$_printf_percent$$00000017)
    __rt_lib_init                            0x08000233   Thumb Code     0  libinit.o(.ARM.Collect$$libinit$$00000000)
    __rt_lib_init_fp_1                       0x08000235   Thumb Code     0  libinit2.o(.ARM.Collect$$libinit$$00000001)
    __rt_lib_init_heap_1                     0x08000239   Thumb Code     0  libinit2.o(.ARM.Collect$$libinit$$0000000C)
    __rt_lib_init_preinit_1                  0x08000239   Thumb Code     0  libinit2.o(.ARM.Collect$$libinit$$00000006)
    __rt_lib_init_rand_2                     0x08000239   Thumb Code     0  libinit2.o(.ARM.Collect$$libinit$$0000000F)
    __rt_lib_init_relocate_pie_1             0x08000239   Thumb Code     0  libinit2.o(.ARM.Collect$$libinit$$00000004)
    __rt_lib_init_user_alloc_1               0x08000239   Thumb Code     0  libinit2.o(.ARM.Collect$$libinit$$0000000E)
    __rt_lib_init_lc_common                  0x0800023d   Thumb Code     0  libinit2.o(.ARM.Collect$$libinit$$00000011)
    __rt_lib_init_rand_1                     0x0800023d   Thumb Code     0  libinit2.o(.ARM.Collect$$libinit$$00000010)
    __rt_lib_init_lc_collate_1               0x08000243   Thumb Code     0  libinit2.o(.ARM.Collect$$libinit$$00000013)
    __rt_lib_init_lc_ctype_1                 0x08000243   Thumb Code     0  libinit2.o(.ARM.Collect$$libinit$$00000015)
    __rt_lib_init_lc_monetary_1              0x08000243   Thumb Code     0  libinit2.o(.ARM.Collect$$libinit$$00000017)
    __rt_lib_init_lc_numeric_2               0x08000243   Thumb Code     0  libinit2.o(.ARM.Collect$$libinit$$00000018)
    __rt_lib_init_alloca_1                   0x0800024d   Thumb Code     0  libinit2.o(.ARM.Collect$$libinit$$00000030)
    __rt_lib_init_argv_1                     0x0800024d   Thumb Code     0  libinit2.o(.ARM.Collect$$libinit$$0000002E)
    __rt_lib_init_atexit_1                   0x0800024d   Thumb Code     0  libinit2.o(.ARM.Collect$$libinit$$0000001D)
    __rt_lib_init_clock_1                    0x0800024d   Thumb Code     0  libinit2.o(.ARM.Collect$$libinit$$00000023)
    __rt_lib_init_cpp_1                      0x0800024d   Thumb Code     0  libinit2.o(.ARM.Collect$$libinit$$00000034)
    __rt_lib_init_exceptions_1               0x0800024d   Thumb Code     0  libinit2.o(.ARM.Collect$$libinit$$00000032)
    __rt_lib_init_fp_trap_1                  0x0800024d   Thumb Code     0  libinit2.o(.ARM.Collect$$libinit$$00000021)
    __rt_lib_init_getenv_1                   0x0800024d   Thumb Code     0  libinit2.o(.ARM.Collect$$libinit$$00000025)
    __rt_lib_init_lc_numeric_1               0x0800024d   Thumb Code     0  libinit2.o(.ARM.Collect$$libinit$$00000019)
    __rt_lib_init_lc_time_1                  0x0800024d   Thumb Code     0  libinit2.o(.ARM.Collect$$libinit$$0000001B)
    __rt_lib_init_return                     0x0800024d   Thumb Code     0  libinit2.o(.ARM.Collect$$libinit$$00000035)
    __rt_lib_init_signal_1                   0x0800024d   Thumb Code     0  libinit2.o(.ARM.Collect$$libinit$$0000001F)
    __rt_lib_init_stdio_1                    0x0800024d   Thumb Code     0  libinit2.o(.ARM.Collect$$libinit$$00000027)
    __rt_lib_shutdown                        0x0800024f   Thumb Code     0  libshutdown.o(.ARM.Collect$$libshutdown$$00000000)
    __rt_lib_shutdown_cpp_1                  0x08000251   Thumb Code     0  libshutdown2.o(.ARM.Collect$$libshutdown$$00000002)
    __rt_lib_shutdown_fp_trap_1              0x08000251   Thumb Code     0  libshutdown2.o(.ARM.Collect$$libshutdown$$00000007)
    __rt_lib_shutdown_heap_1                 0x08000251   Thumb Code     0  libshutdown2.o(.ARM.Collect$$libshutdown$$0000000F)
    __rt_lib_shutdown_return                 0x08000251   Thumb Code     0  libshutdown2.o(.ARM.Collect$$libshutdown$$00000010)
    __rt_lib_shutdown_signal_1               0x08000251   Thumb Code     0  libshutdown2.o(.ARM.Collect$$libshutdown$$0000000A)
    __rt_lib_shutdown_stdio_1                0x08000251   Thumb Code     0  libshutdown2.o(.ARM.Collect$$libshutdown$$00000004)
    __rt_lib_shutdown_user_alloc_1           0x08000251   Thumb Code     0  libshutdown2.o(.ARM.Collect$$libshutdown$$0000000C)
    __rt_entry                               0x08000253   Thumb Code     0  __rtentry.o(.ARM.Collect$$rtentry$$00000000)
    __rt_entry_presh_1                       0x08000253   Thumb Code     0  __rtentry2.o(.ARM.Collect$$rtentry$$00000002)
    __rt_entry_sh                            0x08000253   Thumb Code     0  __rtentry4.o(.ARM.Collect$$rtentry$$00000004)
    __rt_entry_li                            0x08000259   Thumb Code     0  __rtentry2.o(.ARM.Collect$$rtentry$$0000000A)
    __rt_entry_postsh_1                      0x08000259   Thumb Code     0  __rtentry2.o(.ARM.Collect$$rtentry$$00000009)
    __rt_entry_main                          0x0800025d   Thumb Code     0  __rtentry2.o(.ARM.Collect$$rtentry$$0000000D)
    __rt_entry_postli_1                      0x0800025d   Thumb Code     0  __rtentry2.o(.ARM.Collect$$rtentry$$0000000C)
    __rt_exit                                0x08000265   Thumb Code     0  rtexit.o(.ARM.Collect$$rtexit$$00000000)
    __rt_exit_ls                             0x08000267   Thumb Code     0  rtexit2.o(.ARM.Collect$$rtexit$$00000003)
    __rt_exit_prels_1                        0x08000267   Thumb Code     0  rtexit2.o(.ARM.Collect$$rtexit$$00000002)
    __rt_exit_exit                           0x0800026b   Thumb Code     0  rtexit2.o(.ARM.Collect$$rtexit$$00000004)
    rand                                     0x08000271   Thumb Code    48  rand.o(.emb_text)
    Reset_Handler                            0x080002a5   Thumb Code     8  startup_stm32f407xx.o(.text)
    CAN1_RX0_IRQHandler                      0x080002bf   Thumb Code     0  startup_stm32f407xx.o(.text)
    CAN1_RX1_IRQHandler                      0x080002bf   Thumb Code     0  startup_stm32f407xx.o(.text)
    CAN1_SCE_IRQHandler                      0x080002bf   Thumb Code     0  startup_stm32f407xx.o(.text)
    CAN1_TX_IRQHandler                       0x080002bf   Thumb Code     0  startup_stm32f407xx.o(.text)
    CAN2_RX0_IRQHandler                      0x080002bf   Thumb Code     0  startup_stm32f407xx.o(.text)
    CAN2_RX1_IRQHandler                      0x080002bf   Thumb Code     0  startup_stm32f407xx.o(.text)
    CAN2_SCE_IRQHandler                      0x080002bf   Thumb Code     0  startup_stm32f407xx.o(.text)
    CAN2_TX_IRQHandler                       0x080002bf   Thumb Code     0  startup_stm32f407xx.o(.text)
    DCMI_IRQHandler                          0x080002bf   Thumb Code     0  startup_stm32f407xx.o(.text)
    DMA1_Stream0_IRQHandler                  0x080002bf   Thumb Code     0  startup_stm32f407xx.o(.text)
    DMA1_Stream1_IRQHandler                  0x080002bf   Thumb Code     0  startup_stm32f407xx.o(.text)
    DMA1_Stream2_IRQHandler                  0x080002bf   Thumb Code     0  startup_stm32f407xx.o(.text)
    DMA1_Stream3_IRQHandler                  0x080002bf   Thumb Code     0  startup_stm32f407xx.o(.text)
    DMA1_Stream4_IRQHandler                  0x080002bf   Thumb Code     0  startup_stm32f407xx.o(.text)
    DMA1_Stream5_IRQHandler                  0x080002bf   Thumb Code     0  startup_stm32f407xx.o(.text)
    DMA1_Stream6_IRQHandler                  0x080002bf   Thumb Code     0  startup_stm32f407xx.o(.text)
    DMA1_Stream7_IRQHandler                  0x080002bf   Thumb Code     0  startup_stm32f407xx.o(.text)
    DMA2_Stream1_IRQHandler                  0x080002bf   Thumb Code     0  startup_stm32f407xx.o(.text)
    DMA2_Stream2_IRQHandler                  0x080002bf   Thumb Code     0  startup_stm32f407xx.o(.text)
    DMA2_Stream3_IRQHandler                  0x080002bf   Thumb Code     0  startup_stm32f407xx.o(.text)
    DMA2_Stream4_IRQHandler                  0x080002bf   Thumb Code     0  startup_stm32f407xx.o(.text)
    DMA2_Stream5_IRQHandler                  0x080002bf   Thumb Code     0  startup_stm32f407xx.o(.text)
    DMA2_Stream6_IRQHandler                  0x080002bf   Thumb Code     0  startup_stm32f407xx.o(.text)
    DMA2_Stream7_IRQHandler                  0x080002bf   Thumb Code     0  startup_stm32f407xx.o(.text)
    ETH_IRQHandler                           0x080002bf   Thumb Code     0  startup_stm32f407xx.o(.text)
    ETH_WKUP_IRQHandler                      0x080002bf   Thumb Code     0  startup_stm32f407xx.o(.text)
    EXTI0_IRQHandler                         0x080002bf   Thumb Code     0  startup_stm32f407xx.o(.text)
    EXTI15_10_IRQHandler                     0x080002bf   Thumb Code     0  startup_stm32f407xx.o(.text)
    EXTI1_IRQHandler                         0x080002bf   Thumb Code     0  startup_stm32f407xx.o(.text)
    EXTI2_IRQHandler                         0x080002bf   Thumb Code     0  startup_stm32f407xx.o(.text)
    EXTI3_IRQHandler                         0x080002bf   Thumb Code     0  startup_stm32f407xx.o(.text)
    EXTI4_IRQHandler                         0x080002bf   Thumb Code     0  startup_stm32f407xx.o(.text)
    EXTI9_5_IRQHandler                       0x080002bf   Thumb Code     0  startup_stm32f407xx.o(.text)
    FLASH_IRQHandler                         0x080002bf   Thumb Code     0  startup_stm32f407xx.o(.text)
    FMC_IRQHandler                           0x080002bf   Thumb Code     0  startup_stm32f407xx.o(.text)
    FPU_IRQHandler                           0x080002bf   Thumb Code     0  startup_stm32f407xx.o(.text)
    HASH_RNG_IRQHandler                      0x080002bf   Thumb Code     0  startup_stm32f407xx.o(.text)
    I2C1_ER_IRQHandler                       0x080002bf   Thumb Code     0  startup_stm32f407xx.o(.text)
    I2C1_EV_IRQHandler                       0x080002bf   Thumb Code     0  startup_stm32f407xx.o(.text)
    I2C2_ER_IRQHandler                       0x080002bf   Thumb Code     0  startup_stm32f407xx.o(.text)
    I2C2_EV_IRQHandler                       0x080002bf   Thumb Code     0  startup_stm32f407xx.o(.text)
    I2C3_ER_IRQHandler                       0x080002bf   Thumb Code     0  startup_stm32f407xx.o(.text)
    I2C3_EV_IRQHandler                       0x080002bf   Thumb Code     0  startup_stm32f407xx.o(.text)
    OTG_FS_IRQHandler                        0x080002bf   Thumb Code     0  startup_stm32f407xx.o(.text)
    OTG_FS_WKUP_IRQHandler                   0x080002bf   Thumb Code     0  startup_stm32f407xx.o(.text)
    OTG_HS_EP1_IN_IRQHandler                 0x080002bf   Thumb Code     0  startup_stm32f407xx.o(.text)
    OTG_HS_EP1_OUT_IRQHandler                0x080002bf   Thumb Code     0  startup_stm32f407xx.o(.text)
    OTG_HS_IRQHandler                        0x080002bf   Thumb Code     0  startup_stm32f407xx.o(.text)
    OTG_HS_WKUP_IRQHandler                   0x080002bf   Thumb Code     0  startup_stm32f407xx.o(.text)
    PVD_IRQHandler                           0x080002bf   Thumb Code     0  startup_stm32f407xx.o(.text)
    RCC_IRQHandler                           0x080002bf   Thumb Code     0  startup_stm32f407xx.o(.text)
    RTC_Alarm_IRQHandler                     0x080002bf   Thumb Code     0  startup_stm32f407xx.o(.text)
    RTC_WKUP_IRQHandler                      0x080002bf   Thumb Code     0  startup_stm32f407xx.o(.text)
    SDIO_IRQHandler                          0x080002bf   Thumb Code     0  startup_stm32f407xx.o(.text)
    SPI1_IRQHandler                          0x080002bf   Thumb Code     0  startup_stm32f407xx.o(.text)
    SPI2_IRQHandler                          0x080002bf   Thumb Code     0  startup_stm32f407xx.o(.text)
    SPI3_IRQHandler                          0x080002bf   Thumb Code     0  startup_stm32f407xx.o(.text)
    TAMP_STAMP_IRQHandler                    0x080002bf   Thumb Code     0  startup_stm32f407xx.o(.text)
    TIM1_BRK_TIM9_IRQHandler                 0x080002bf   Thumb Code     0  startup_stm32f407xx.o(.text)
    TIM1_CC_IRQHandler                       0x080002bf   Thumb Code     0  startup_stm32f407xx.o(.text)
    TIM1_TRG_COM_TIM11_IRQHandler            0x080002bf   Thumb Code     0  startup_stm32f407xx.o(.text)
    TIM1_UP_TIM10_IRQHandler                 0x080002bf   Thumb Code     0  startup_stm32f407xx.o(.text)
    TIM3_IRQHandler                          0x080002bf   Thumb Code     0  startup_stm32f407xx.o(.text)
    TIM4_IRQHandler                          0x080002bf   Thumb Code     0  startup_stm32f407xx.o(.text)
    TIM5_IRQHandler                          0x080002bf   Thumb Code     0  startup_stm32f407xx.o(.text)
    TIM6_DAC_IRQHandler                      0x080002bf   Thumb Code     0  startup_stm32f407xx.o(.text)
    TIM7_IRQHandler                          0x080002bf   Thumb Code     0  startup_stm32f407xx.o(.text)
    TIM8_BRK_TIM12_IRQHandler                0x080002bf   Thumb Code     0  startup_stm32f407xx.o(.text)
    TIM8_CC_IRQHandler                       0x080002bf   Thumb Code     0  startup_stm32f407xx.o(.text)
    TIM8_TRG_COM_TIM14_IRQHandler            0x080002bf   Thumb Code     0  startup_stm32f407xx.o(.text)
    TIM8_UP_TIM13_IRQHandler                 0x080002bf   Thumb Code     0  startup_stm32f407xx.o(.text)
    UART4_IRQHandler                         0x080002bf   Thumb Code     0  startup_stm32f407xx.o(.text)
    UART5_IRQHandler                         0x080002bf   Thumb Code     0  startup_stm32f407xx.o(.text)
    USART1_IRQHandler                        0x080002bf   Thumb Code     0  startup_stm32f407xx.o(.text)
    USART2_IRQHandler                        0x080002bf   Thumb Code     0  startup_stm32f407xx.o(.text)
    USART3_IRQHandler                        0x080002bf   Thumb Code     0  startup_stm32f407xx.o(.text)
    USART6_IRQHandler                        0x080002bf   Thumb Code     0  startup_stm32f407xx.o(.text)
    WWDG_IRQHandler                          0x080002bf   Thumb Code     0  startup_stm32f407xx.o(.text)
    __user_initial_stackheap                 0x080002c1   Thumb Code     0  startup_stm32f407xx.o(.text)
    __aeabi_uldivmod                         0x080002e5   Thumb Code     0  lludivv7m.o(.text)
    _ll_udiv                                 0x080002e5   Thumb Code   240  lludivv7m.o(.text)
    __2sprintf                               0x080003d5   Thumb Code    34  noretval__2sprintf.o(.text)
    __printf                                 0x080003fd   Thumb Code   270  __printf_wp.o(.text)
    srand                                    0x0800050d   Thumb Code    42  rand.o(.text)
    _rand_init                               0x08000537   Thumb Code     4  rand.o(.text)
    strlen                                   0x08000549   Thumb Code    62  strlen.o(.text)
    __use_two_region_memory                  0x08000587   Thumb Code     2  heapauxi.o(.text)
    __rt_heap_escrow$2region                 0x08000589   Thumb Code     2  heapauxi.o(.text)
    __rt_heap_expand$2region                 0x0800058b   Thumb Code     2  heapauxi.o(.text)
    __read_errno                             0x0800058d   Thumb Code    10  _rserrno.o(.text)
    __set_errno                              0x08000597   Thumb Code    12  _rserrno.o(.text)
    _printf_fp_dec_real                      0x08000753   Thumb Code   620  _printf_fp_dec.o(.text)
    _printf_char_common                      0x080009cb   Thumb Code    32  _printf_char_common.o(.text)
    _sputc                                   0x080009f1   Thumb Code    10  _sputc.o(.text)
    __rt_locale                              0x080009fd   Thumb Code     8  rt_locale_intlibspace.o(.text)
    __aeabi_errno_addr                       0x08000a05   Thumb Code     8  rt_errno_addr_intlibspace.o(.text)
    __errno$intlibspace                      0x08000a05   Thumb Code     0  rt_errno_addr_intlibspace.o(.text)
    __rt_errno_addr$intlibspace              0x08000a05   Thumb Code     0  rt_errno_addr_intlibspace.o(.text)
    _ll_udiv10                               0x08000a0d   Thumb Code   138  lludiv10.o(.text)
    _printf_fp_infnan                        0x08000a99   Thumb Code   112  _printf_fp_infnan.o(.text)
    _btod_etento                             0x08000b19   Thumb Code   224  bigflt0.o(.text)
    __user_libspace                          0x08000bfd   Thumb Code     8  libspace.o(.text)
    __user_perproc_libspace                  0x08000bfd   Thumb Code     0  libspace.o(.text)
    __user_perthread_libspace                0x08000bfd   Thumb Code     0  libspace.o(.text)
    __user_setup_stackheap                   0x08000c05   Thumb Code    74  sys_stackheap_outer.o(.text)
    exit                                     0x08000c4f   Thumb Code    18  exit.o(.text)
    strcmp                                   0x08000c61   Thumb Code   124  strcmpv7em.o(.text)
    _sys_exit                                0x08000cdd   Thumb Code     8  sys_exit.o(.text)
    __I$use$semihosting                      0x08000ce9   Thumb Code     0  use_no_semi.o(.text)
    __use_no_semihosting_swi                 0x08000ce9   Thumb Code     2  use_no_semi.o(.text)
    __semihosting_library_function           0x08000ceb   Thumb Code     0  indicate_semi.o(.text)
    ADC_IRQHandler                           0x08000ced   Thumb Code    12  stm32f4xx_it.o(.text.ADC_IRQHandler)
    BusFault_Handler                         0x08000cf9   Thumb Code     2  stm32f4xx_it.o(.text.BusFault_Handler)
    DMA2_Stream0_IRQHandler                  0x08000cfd   Thumb Code    12  stm32f4xx_it.o(.text.DMA2_Stream0_IRQHandler)
    DebugMon_Handler                         0x08000d09   Thumb Code     2  stm32f4xx_it.o(.text.DebugMon_Handler)
    Error_Handler                            0x08000d0d   Thumb Code     6  main.o(.text.Error_Handler)
    Generate_Gaussian_Noise                  0x08000d19   Thumb Code   112  main.o(.text.Generate_Gaussian_Noise)
    Generate_Gaussian_With_Mutation          0x08000d95   Thumb Code   452  main.o(.text.Generate_Gaussian_With_Mutation)
    HAL_ADCEx_InjectedConvCpltCallback       0x08000f71   Thumb Code     2  stm32f4xx_hal_adc_ex.o(.text.HAL_ADCEx_InjectedConvCpltCallback)
    HAL_ADC_ConfigChannel                    0x08000f75   Thumb Code   326  stm32f4xx_hal_adc.o(.text.HAL_ADC_ConfigChannel)
    HAL_ADC_ConvCpltCallback                 0x080010bd   Thumb Code     2  stm32f4xx_hal_adc.o(.text.HAL_ADC_ConvCpltCallback)
    HAL_ADC_ErrorCallback                    0x080010c1   Thumb Code     2  stm32f4xx_hal_adc.o(.text.HAL_ADC_ErrorCallback)
    HAL_ADC_IRQHandler                       0x080010c5   Thumb Code   310  stm32f4xx_hal_adc.o(.text.HAL_ADC_IRQHandler)
    HAL_ADC_Init                             0x080011fd   Thumb Code   350  stm32f4xx_hal_adc.o(.text.HAL_ADC_Init)
    HAL_ADC_LevelOutOfWindowCallback         0x0800135d   Thumb Code     2  stm32f4xx_hal_adc.o(.text.HAL_ADC_LevelOutOfWindowCallback)
    HAL_ADC_MspInit                          0x08001361   Thumb Code   190  adc.o(.text.HAL_ADC_MspInit)
    HAL_DMA_IRQHandler                       0x08001421   Thumb Code   448  stm32f4xx_hal_dma.o(.text.HAL_DMA_IRQHandler)
    HAL_DMA_Init                             0x080015e1   Thumb Code   354  stm32f4xx_hal_dma.o(.text.HAL_DMA_Init)
    HAL_GPIO_Init                            0x08001745   Thumb Code   414  stm32f4xx_hal_gpio.o(.text.HAL_GPIO_Init)
    HAL_GetTick                              0x080018e5   Thumb Code    12  stm32f4xx_hal.o(.text.HAL_GetTick)
    HAL_IncTick                              0x080018f1   Thumb Code    26  stm32f4xx_hal.o(.text.HAL_IncTick)
    HAL_Init                                 0x0800190d   Thumb Code    54  stm32f4xx_hal.o(.text.HAL_Init)
    HAL_InitTick                             0x08001945   Thumb Code    72  stm32f4xx_hal.o(.text.HAL_InitTick)
    HAL_MspInit                              0x0800198d   Thumb Code    56  stm32f4xx_hal_msp.o(.text.HAL_MspInit)
    HAL_NVIC_EnableIRQ                       0x080019c5   Thumb Code    34  stm32f4xx_hal_cortex.o(.text.HAL_NVIC_EnableIRQ)
    HAL_NVIC_SetPriority                     0x080019e9   Thumb Code    86  stm32f4xx_hal_cortex.o(.text.HAL_NVIC_SetPriority)
    HAL_NVIC_SetPriorityGrouping             0x08001a41   Thumb Code    32  stm32f4xx_hal_cortex.o(.text.HAL_NVIC_SetPriorityGrouping)
    HAL_RCC_ClockConfig                      0x08001a61   Thumb Code   356  stm32f4xx_hal_rcc.o(.text.HAL_RCC_ClockConfig)
    HAL_RCC_GetPCLK1Freq                     0x08001bc5   Thumb Code    38  stm32f4xx_hal_rcc.o(.text.HAL_RCC_GetPCLK1Freq)
    HAL_RCC_GetPCLK2Freq                     0x08001bed   Thumb Code    38  stm32f4xx_hal_rcc.o(.text.HAL_RCC_GetPCLK2Freq)
    HAL_RCC_GetSysClockFreq                  0x08001c15   Thumb Code   108  stm32f4xx_hal_rcc.o(.text.HAL_RCC_GetSysClockFreq)
    HAL_RCC_OscConfig                        0x08001c81   Thumb Code   944  stm32f4xx_hal_rcc.o(.text.HAL_RCC_OscConfig)
    HAL_SYSTICK_Config                       0x08002031   Thumb Code    44  stm32f4xx_hal_cortex.o(.text.HAL_SYSTICK_Config)
    HAL_TIMEx_BreakCallback                  0x0800205d   Thumb Code     2  stm32f4xx_hal_tim_ex.o(.text.HAL_TIMEx_BreakCallback)
    HAL_TIMEx_CommutCallback                 0x08002061   Thumb Code     2  stm32f4xx_hal_tim_ex.o(.text.HAL_TIMEx_CommutCallback)
    HAL_TIMEx_MasterConfigSynchronization    0x08002065   Thumb Code   186  stm32f4xx_hal_tim_ex.o(.text.HAL_TIMEx_MasterConfigSynchronization)
    HAL_TIM_Base_Init                        0x08002121   Thumb Code    90  stm32f4xx_hal_tim.o(.text.HAL_TIM_Base_Init)
    HAL_TIM_Base_MspInit                     0x0800217d   Thumb Code    66  tim.o(.text.HAL_TIM_Base_MspInit)
    HAL_TIM_Base_Start_IT                    0x080021c1   Thumb Code   170  stm32f4xx_hal_tim.o(.text.HAL_TIM_Base_Start_IT)
    HAL_TIM_ConfigClockSource                0x0800226d   Thumb Code   416  stm32f4xx_hal_tim.o(.text.HAL_TIM_ConfigClockSource)
    HAL_TIM_IC_CaptureCallback               0x0800240d   Thumb Code     2  stm32f4xx_hal_tim.o(.text.HAL_TIM_IC_CaptureCallback)
    HAL_TIM_IRQHandler                       0x08002411   Thumb Code   334  stm32f4xx_hal_tim.o(.text.HAL_TIM_IRQHandler)
    HAL_TIM_OC_DelayElapsedCallback          0x08002561   Thumb Code     2  stm32f4xx_hal_tim.o(.text.HAL_TIM_OC_DelayElapsedCallback)
    HAL_TIM_PWM_PulseFinishedCallback        0x08002565   Thumb Code     2  stm32f4xx_hal_tim.o(.text.HAL_TIM_PWM_PulseFinishedCallback)
    HAL_TIM_PeriodElapsedCallback            0x08002569   Thumb Code   114  stm32f4xx_it.o(.text.HAL_TIM_PeriodElapsedCallback)
    HAL_TIM_TriggerCallback                  0x080025dd   Thumb Code     2  stm32f4xx_hal_tim.o(.text.HAL_TIM_TriggerCallback)
    HAL_UART_Init                            0x080025e1   Thumb Code    96  stm32f4xx_hal_uart.o(.text.HAL_UART_Init)
    HAL_UART_MspInit                         0x08002641   Thumb Code   108  usart.o(.text.HAL_UART_MspInit)
    HAL_UART_Transmit                        0x080026ad   Thumb Code   376  stm32f4xx_hal_uart.o(.text.HAL_UART_Transmit)
    HardFault_Handler                        0x08002825   Thumb Code     2  stm32f4xx_it.o(.text.HardFault_Handler)
    MX_ADC1_Init                             0x08002829   Thumb Code   112  adc.o(.text.MX_ADC1_Init)
    MX_DMA_Init                              0x08002899   Thumb Code    56  dma.o(.text.MX_DMA_Init)
    MX_GPIO_Init                             0x080028d1   Thumb Code    56  gpio.o(.text.MX_GPIO_Init)
    MX_TIM2_Init                             0x08002909   Thumb Code   116  tim.o(.text.MX_TIM2_Init)
    MX_USART1_UART_Init                      0x0800297d   Thumb Code    60  usart.o(.text.MX_USART1_UART_Init)
    MemManage_Handler                        0x080029b9   Thumb Code     2  stm32f4xx_it.o(.text.MemManage_Handler)
    NMI_Handler                              0x080029bd   Thumb Code     2  stm32f4xx_it.o(.text.NMI_Handler)
    PendSV_Handler                           0x080029c1   Thumb Code     2  stm32f4xx_it.o(.text.PendSV_Handler)
    SVC_Handler                              0x080029c5   Thumb Code     2  stm32f4xx_it.o(.text.SVC_Handler)
    Send_Data_To_Vofa                        0x080029c9   Thumb Code    88  main.o(.text.Send_Data_To_Vofa)
    SysTick_Handler                          0x08002a2d   Thumb Code     4  stm32f4xx_it.o(.text.SysTick_Handler)
    SystemClock_Config                       0x08002a31   Thumb Code   168  main.o(.text.SystemClock_Config)
    SystemInit                               0x08002ad9   Thumb Code    18  system_stm32f4xx.o(.text.SystemInit)
    TIM2_IRQHandler                          0x08002aed   Thumb Code    12  stm32f4xx_it.o(.text.TIM2_IRQHandler)
    TIM_Base_SetConfig                       0x08002af9   Thumb Code   332  stm32f4xx_hal_tim.o(.text.TIM_Base_SetConfig)
    UsageFault_Handler                       0x08002d35   Thumb Code     2  stm32f4xx_it.o(.text.UsageFault_Handler)
    main                                     0x08002d39   Thumb Code    46  main.o(.text.main)
    _btod_d2e                                0x08002d67   Thumb Code    62  btod.o(CL$$btod_d2e)
    _d2e_denorm_low                          0x08002da5   Thumb Code    70  btod.o(CL$$btod_d2e_denorm_low)
    _d2e_norm_op1                            0x08002deb   Thumb Code    96  btod.o(CL$$btod_d2e_norm_op1)
    __btod_div_common                        0x08002e4d   Thumb Code   696  btod.o(CL$$btod_div_common)
    _e2e                                     0x08003185   Thumb Code   220  btod.o(CL$$btod_e2e)
    _btod_ediv                               0x08003261   Thumb Code    42  btod.o(CL$$btod_ediv)
    _btod_emul                               0x0800328b   Thumb Code    42  btod.o(CL$$btod_emul)
    __btod_mult_common                       0x080032b5   Thumb Code   580  btod.o(CL$$btod_mult_common)
    __ARM_fpclassify                         0x080034f9   Thumb Code    48  fpclassify.o(i.__ARM_fpclassify)
    __ARM_fpclassifyf                        0x08003529   Thumb Code    38  fpclassifyf.o(i.__ARM_fpclassifyf)
    __hardfp_cosf                            0x08003551   Thumb Code   280  cosf.o(i.__hardfp_cosf)
    __hardfp_expf                            0x080036a1   Thumb Code   430  expf.o(i.__hardfp_expf)
    __mathlib_expf                           0x080036a1   Thumb Code     0  expf.o(i.__hardfp_expf)
    __hardfp_logf                            0x0800388d   Thumb Code   320  logf.o(i.__hardfp_logf)
    __mathlib_logf                           0x0800388d   Thumb Code     0  logf.o(i.__hardfp_logf)
    __mathlib_flt_divzero                    0x080039f9   Thumb Code    14  funder.o(i.__mathlib_flt_divzero)
    __mathlib_flt_infnan                     0x08003a0d   Thumb Code     6  funder.o(i.__mathlib_flt_infnan)
    __mathlib_flt_invalid                    0x08003a15   Thumb Code    10  funder.o(i.__mathlib_flt_invalid)
    __mathlib_flt_overflow                   0x08003a25   Thumb Code    10  funder.o(i.__mathlib_flt_overflow)
    __mathlib_flt_underflow                  0x08003a35   Thumb Code    10  funder.o(i.__mathlib_flt_underflow)
    __mathlib_rredf2                         0x08003a45   Thumb Code   316  rredf.o(i.__mathlib_rredf2)
    _is_digit                                0x08003b99   Thumb Code    14  __printf_wp.o(i._is_digit)
    _get_lc_numeric                          0x08003ba9   Thumb Code    44  lc_numeric_c.o(locale$$code)
    __aeabi_d2f                              0x08003bd5   Thumb Code     0  d2f.o(x$fpl$d2f)
    _d2f                                     0x08003bd5   Thumb Code    98  d2f.o(x$fpl$d2f)
    __aeabi_dmul                             0x08003c39   Thumb Code     0  dmul.o(x$fpl$dmul)
    _dmul                                    0x08003c39   Thumb Code   332  dmul.o(x$fpl$dmul)
    __fpl_dnaninf                            0x08003d8d   Thumb Code   156  dnaninf.o(x$fpl$dnaninf)
    __fpl_dretinf                            0x08003e29   Thumb Code    12  dretinf.o(x$fpl$dretinf)
    __aeabi_f2d                              0x08003e35   Thumb Code     0  f2d.o(x$fpl$f2d)
    _f2d                                     0x08003e35   Thumb Code    86  f2d.o(x$fpl$f2d)
    __fpl_fnaninf                            0x08003e8b   Thumb Code   140  fnaninf.o(x$fpl$fnaninf)
    _fp_init                                 0x08003f17   Thumb Code    26  fpinit.o(x$fpl$fpinit)
    __fplib_config_fpu_vfp                   0x08003f2f   Thumb Code     0  fpinit.o(x$fpl$fpinit)
    __fplib_config_pureend_doubles           0x08003f2f   Thumb Code     0  fpinit.o(x$fpl$fpinit)
    __fpl_fretinf                            0x08003f31   Thumb Code    10  fretinf.o(x$fpl$fretinf)
    _printf_fp_dec                           0x08003f3b   Thumb Code     4  printf1.o(x$fpl$printf1)
    __I$use$fp                               0x08003f3e   Number         0  usenofp.o(x$fpl$usenofp)
    AHBPrescTable                            0x08004064   Data          16  system_stm32f4xx.o(.rodata.AHBPrescTable)
    APBPrescTable                            0x08004074   Data           8  system_stm32f4xx.o(.rodata.APBPrescTable)
    Region$$Table$$Base                      0x08004084   Number         0  anon$$obj.o(Region$$Table)
    Region$$Table$$Limit                     0x080040a4   Number         0  anon$$obj.o(Region$$Table)
    uwTickFreq                               0x20000000   Data           1  stm32f4xx_hal.o(.data..L_MergedGlobals)
    uwTickPrio                               0x20000004   Data           4  stm32f4xx_hal.o(.data..L_MergedGlobals)
    SystemCoreClock                          0x20000008   Data           4  system_stm32f4xx.o(.data.SystemCoreClock)
    _random_number_data                      0x20000010   Data         228  rand.o(.bss)
    __libspace_start                         0x200000f4   Data          96  libspace.o(.bss)
    __temporary_stack_top$libspace           0x20000154   Data           0  libspace.o(.bss)
    data_index                               0x20000154   Data           2  stm32f4xx_it.o(.bss.data_index)
    gaussian_waveform                        0x20000158   Data         800  main.o(.bss.gaussian_waveform)
    gaussian_waveform_2                      0x20000478   Data         800  main.o(.bss.gaussian_waveform_2)
    hadc1                                    0x20000798   Data          72  adc.o(.bss.hadc1)
    hdma_adc1                                0x200007e0   Data          96  adc.o(.bss.hdma_adc1)
    htim2                                    0x20000840   Data          72  tim.o(.bss.htim2)
    huart1                                   0x20000888   Data          72  usart.o(.bss.huart1)
    uwTick                                   0x200008d0   Data           4  stm32f4xx_hal.o(.bss.uwTick)



==============================================================================

Memory Map of the image

  Image Entry point : 0x08000189

  Load Region LR_IROM1 (Base: 0x08000000, Size: 0x000040d0, Max: 0x00080000, ABSOLUTE)

    Execution Region ER_IROM1 (Exec base: 0x08000000, Load base: 0x08000000, Size: 0x000040c0, Max: 0x00080000, ABSOLUTE)

    Exec Addr    Load Addr    Size         Type   Attr      Idx    E Section Name        Object

    0x08000000   0x08000000   0x00000188   Data   RO            3    RESET               startup_stm32f407xx.o
    0x08000188   0x08000188   0x00000008   Code   RO         1126  * !!!main             c_w.l(__main.o)
    0x08000190   0x08000190   0x0000005c   Code   RO         1424    !!!scatter          c_w.l(__scatter.o)
    0x080001ec   0x080001ec   0x0000001a   Code   RO         1428    !!handler_copy      c_w.l(__scatter_copy.o)
    0x08000206   0x08000206   0x00000002   PAD
    0x08000208   0x08000208   0x00000002   Code   RO         1425    !!handler_null      c_w.l(__scatter.o)
    0x0800020a   0x0800020a   0x00000002   PAD
    0x0800020c   0x0800020c   0x0000001c   Code   RO         1430    !!handler_zi        c_w.l(__scatter_zi.o)
    0x08000228   0x08000228   0x00000000   Code   RO         1116    .ARM.Collect$$_printf_percent$$00000000  c_w.l(_printf_percent.o)
    0x08000228   0x08000228   0x00000006   Code   RO         1115    .ARM.Collect$$_printf_percent$$00000003  c_w.l(_printf_f.o)
    0x0800022e   0x0800022e   0x00000004   Code   RO         1171    .ARM.Collect$$_printf_percent$$00000017  c_w.l(_printf_percent_end.o)
    0x08000232   0x08000232   0x00000002   Code   RO         1342    .ARM.Collect$$libinit$$00000000  c_w.l(libinit.o)
    0x08000234   0x08000234   0x00000004   Code   RO         1172    .ARM.Collect$$libinit$$00000001  c_w.l(libinit2.o)
    0x08000238   0x08000238   0x00000000   Code   RO         1175    .ARM.Collect$$libinit$$00000004  c_w.l(libinit2.o)
    0x08000238   0x08000238   0x00000000   Code   RO         1177    .ARM.Collect$$libinit$$00000006  c_w.l(libinit2.o)
    0x08000238   0x08000238   0x00000000   Code   RO         1180    .ARM.Collect$$libinit$$0000000C  c_w.l(libinit2.o)
    0x08000238   0x08000238   0x00000000   Code   RO         1182    .ARM.Collect$$libinit$$0000000E  c_w.l(libinit2.o)
    0x08000238   0x08000238   0x00000004   Code   RO         1183    .ARM.Collect$$libinit$$0000000F  c_w.l(libinit2.o)
    0x0800023c   0x0800023c   0x00000000   Code   RO         1184    .ARM.Collect$$libinit$$00000010  c_w.l(libinit2.o)
    0x0800023c   0x0800023c   0x00000006   Code   RO         1185    .ARM.Collect$$libinit$$00000011  c_w.l(libinit2.o)
    0x08000242   0x08000242   0x00000000   Code   RO         1187    .ARM.Collect$$libinit$$00000013  c_w.l(libinit2.o)
    0x08000242   0x08000242   0x00000000   Code   RO         1189    .ARM.Collect$$libinit$$00000015  c_w.l(libinit2.o)
    0x08000242   0x08000242   0x00000000   Code   RO         1191    .ARM.Collect$$libinit$$00000017  c_w.l(libinit2.o)
    0x08000242   0x08000242   0x0000000a   Code   RO         1192    .ARM.Collect$$libinit$$00000018  c_w.l(libinit2.o)
    0x0800024c   0x0800024c   0x00000000   Code   RO         1193    .ARM.Collect$$libinit$$00000019  c_w.l(libinit2.o)
    0x0800024c   0x0800024c   0x00000000   Code   RO         1195    .ARM.Collect$$libinit$$0000001B  c_w.l(libinit2.o)
    0x0800024c   0x0800024c   0x00000000   Code   RO         1197    .ARM.Collect$$libinit$$0000001D  c_w.l(libinit2.o)
    0x0800024c   0x0800024c   0x00000000   Code   RO         1199    .ARM.Collect$$libinit$$0000001F  c_w.l(libinit2.o)
    0x0800024c   0x0800024c   0x00000000   Code   RO         1201    .ARM.Collect$$libinit$$00000021  c_w.l(libinit2.o)
    0x0800024c   0x0800024c   0x00000000   Code   RO         1203    .ARM.Collect$$libinit$$00000023  c_w.l(libinit2.o)
    0x0800024c   0x0800024c   0x00000000   Code   RO         1205    .ARM.Collect$$libinit$$00000025  c_w.l(libinit2.o)
    0x0800024c   0x0800024c   0x00000000   Code   RO         1207    .ARM.Collect$$libinit$$00000027  c_w.l(libinit2.o)
    0x0800024c   0x0800024c   0x00000000   Code   RO         1211    .ARM.Collect$$libinit$$0000002E  c_w.l(libinit2.o)
    0x0800024c   0x0800024c   0x00000000   Code   RO         1213    .ARM.Collect$$libinit$$00000030  c_w.l(libinit2.o)
    0x0800024c   0x0800024c   0x00000000   Code   RO         1215    .ARM.Collect$$libinit$$00000032  c_w.l(libinit2.o)
    0x0800024c   0x0800024c   0x00000000   Code   RO         1217    .ARM.Collect$$libinit$$00000034  c_w.l(libinit2.o)
    0x0800024c   0x0800024c   0x00000002   Code   RO         1218    .ARM.Collect$$libinit$$00000035  c_w.l(libinit2.o)
    0x0800024e   0x0800024e   0x00000002   Code   RO         1391    .ARM.Collect$$libshutdown$$00000000  c_w.l(libshutdown.o)
    0x08000250   0x08000250   0x00000000   Code   RO         1407    .ARM.Collect$$libshutdown$$00000002  c_w.l(libshutdown2.o)
    0x08000250   0x08000250   0x00000000   Code   RO         1409    .ARM.Collect$$libshutdown$$00000004  c_w.l(libshutdown2.o)
    0x08000250   0x08000250   0x00000000   Code   RO         1412    .ARM.Collect$$libshutdown$$00000007  c_w.l(libshutdown2.o)
    0x08000250   0x08000250   0x00000000   Code   RO         1415    .ARM.Collect$$libshutdown$$0000000A  c_w.l(libshutdown2.o)
    0x08000250   0x08000250   0x00000000   Code   RO         1417    .ARM.Collect$$libshutdown$$0000000C  c_w.l(libshutdown2.o)
    0x08000250   0x08000250   0x00000000   Code   RO         1420    .ARM.Collect$$libshutdown$$0000000F  c_w.l(libshutdown2.o)
    0x08000250   0x08000250   0x00000002   Code   RO         1421    .ARM.Collect$$libshutdown$$00000010  c_w.l(libshutdown2.o)
    0x08000252   0x08000252   0x00000000   Code   RO         1156    .ARM.Collect$$rtentry$$00000000  c_w.l(__rtentry.o)
    0x08000252   0x08000252   0x00000000   Code   RO         1248    .ARM.Collect$$rtentry$$00000002  c_w.l(__rtentry2.o)
    0x08000252   0x08000252   0x00000006   Code   RO         1260    .ARM.Collect$$rtentry$$00000004  c_w.l(__rtentry4.o)
    0x08000258   0x08000258   0x00000000   Code   RO         1250    .ARM.Collect$$rtentry$$00000009  c_w.l(__rtentry2.o)
    0x08000258   0x08000258   0x00000004   Code   RO         1251    .ARM.Collect$$rtentry$$0000000A  c_w.l(__rtentry2.o)
    0x0800025c   0x0800025c   0x00000000   Code   RO         1253    .ARM.Collect$$rtentry$$0000000C  c_w.l(__rtentry2.o)
    0x0800025c   0x0800025c   0x00000008   Code   RO         1254    .ARM.Collect$$rtentry$$0000000D  c_w.l(__rtentry2.o)
    0x08000264   0x08000264   0x00000002   Code   RO         1347    .ARM.Collect$$rtexit$$00000000  c_w.l(rtexit.o)
    0x08000266   0x08000266   0x00000000   Code   RO         1371    .ARM.Collect$$rtexit$$00000002  c_w.l(rtexit2.o)
    0x08000266   0x08000266   0x00000004   Code   RO         1372    .ARM.Collect$$rtexit$$00000003  c_w.l(rtexit2.o)
    0x0800026a   0x0800026a   0x00000006   Code   RO         1373    .ARM.Collect$$rtexit$$00000004  c_w.l(rtexit2.o)
    0x08000270   0x08000270   0x00000034   Code   RO         1117    .emb_text           c_w.l(rand.o)
    0x080002a4   0x080002a4   0x00000040   Code   RO            4    .text               startup_stm32f407xx.o
    0x080002e4   0x080002e4   0x000000f0   Code   RO         1087    .text               c_w.l(lludivv7m.o)
    0x080003d4   0x080003d4   0x00000028   Code   RO         1091    .text               c_w.l(noretval__2sprintf.o)
    0x080003fc   0x080003fc   0x0000010e   Code   RO         1103    .text               c_w.l(__printf_wp.o)
    0x0800050a   0x0800050a   0x00000002   PAD
    0x0800050c   0x0800050c   0x0000003c   Code   RO         1118    .text               c_w.l(rand.o)
    0x08000548   0x08000548   0x0000003e   Code   RO         1122    .text               c_w.l(strlen.o)
    0x08000586   0x08000586   0x00000006   Code   RO         1124    .text               c_w.l(heapauxi.o)
    0x0800058c   0x0800058c   0x00000016   Code   RO         1161    .text               c_w.l(_rserrno.o)
    0x080005a2   0x080005a2   0x0000041c   Code   RO         1163    .text               c_w.l(_printf_fp_dec.o)
    0x080009be   0x080009be   0x00000002   PAD
    0x080009c0   0x080009c0   0x00000030   Code   RO         1167    .text               c_w.l(_printf_char_common.o)
    0x080009f0   0x080009f0   0x0000000a   Code   RO         1169    .text               c_w.l(_sputc.o)
    0x080009fa   0x080009fa   0x00000002   PAD
    0x080009fc   0x080009fc   0x00000008   Code   RO         1267    .text               c_w.l(rt_locale_intlibspace.o)
    0x08000a04   0x08000a04   0x00000008   Code   RO         1272    .text               c_w.l(rt_errno_addr_intlibspace.o)
    0x08000a0c   0x08000a0c   0x0000008a   Code   RO         1274    .text               c_w.l(lludiv10.o)
    0x08000a96   0x08000a96   0x00000002   PAD
    0x08000a98   0x08000a98   0x00000080   Code   RO         1276    .text               c_w.l(_printf_fp_infnan.o)
    0x08000b18   0x08000b18   0x000000e4   Code   RO         1280    .text               c_w.l(bigflt0.o)
    0x08000bfc   0x08000bfc   0x00000008   Code   RO         1318    .text               c_w.l(libspace.o)
    0x08000c04   0x08000c04   0x0000004a   Code   RO         1321    .text               c_w.l(sys_stackheap_outer.o)
    0x08000c4e   0x08000c4e   0x00000012   Code   RO         1325    .text               c_w.l(exit.o)
    0x08000c60   0x08000c60   0x0000007c   Code   RO         1331    .text               c_w.l(strcmpv7em.o)
    0x08000cdc   0x08000cdc   0x0000000c   Code   RO         1363    .text               c_w.l(sys_exit.o)
    0x08000ce8   0x08000ce8   0x00000002   Code   RO         1367    .text               c_w.l(use_no_semi.o)
    0x08000cea   0x08000cea   0x00000000   Code   RO         1369    .text               c_w.l(indicate_semi.o)
    0x08000cea   0x08000cea   0x00000002   PAD
    0x08000cec   0x08000cec   0x0000000c   Code   RO          125    .text.ADC_IRQHandler  stm32f4xx_it.o
    0x08000cf8   0x08000cf8   0x00000002   Code   RO          113    .text.BusFault_Handler  stm32f4xx_it.o
    0x08000cfa   0x08000cfa   0x00000002   PAD
    0x08000cfc   0x08000cfc   0x0000000c   Code   RO          129    .text.DMA2_Stream0_IRQHandler  stm32f4xx_it.o
    0x08000d08   0x08000d08   0x00000002   Code   RO          119    .text.DebugMon_Handler  stm32f4xx_it.o
    0x08000d0a   0x08000d0a   0x00000002   PAD
    0x08000d0c   0x08000d0c   0x00000006   Code   RO           29    .text.Error_Handler  main.o
    0x08000d12   0x08000d12   0x00000006   PAD
    0x08000d18   0x08000d18   0x0000007c   Code   RO           11    .text.Generate_Gaussian_Noise  main.o
    0x08000d94   0x08000d94   0x000001dc   Code   RO           15    .text.Generate_Gaussian_With_Mutation  main.o
    0x08000f70   0x08000f70   0x00000002   Code   RO          230    .text.HAL_ADCEx_InjectedConvCpltCallback  stm32f4xx_hal_adc_ex.o
    0x08000f72   0x08000f72   0x00000002   PAD
    0x08000f74   0x08000f74   0x00000146   Code   RO          190    .text.HAL_ADC_ConfigChannel  stm32f4xx_hal_adc.o
    0x080010ba   0x080010ba   0x00000002   PAD
    0x080010bc   0x080010bc   0x00000002   Code   RO          170    .text.HAL_ADC_ConvCpltCallback  stm32f4xx_hal_adc.o
    0x080010be   0x080010be   0x00000002   PAD
    0x080010c0   0x080010c0   0x00000002   Code   RO          174    .text.HAL_ADC_ErrorCallback  stm32f4xx_hal_adc.o
    0x080010c2   0x080010c2   0x00000002   PAD
    0x080010c4   0x080010c4   0x00000136   Code   RO          168    .text.HAL_ADC_IRQHandler  stm32f4xx_hal_adc.o
    0x080011fa   0x080011fa   0x00000002   PAD
    0x080011fc   0x080011fc   0x0000015e   Code   RO          148    .text.HAL_ADC_Init  stm32f4xx_hal_adc.o
    0x0800135a   0x0800135a   0x00000002   PAD
    0x0800135c   0x0800135c   0x00000002   Code   RO          172    .text.HAL_ADC_LevelOutOfWindowCallback  stm32f4xx_hal_adc.o
    0x0800135e   0x0800135e   0x00000002   PAD
    0x08001360   0x08001360   0x000000be   Code   RO           52    .text.HAL_ADC_MspInit  adc.o
    0x0800141e   0x0800141e   0x00000002   PAD
    0x08001420   0x08001420   0x000001c0   Code   RO          407    .text.HAL_DMA_IRQHandler  stm32f4xx_hal_dma.o
    0x080015e0   0x080015e0   0x00000162   Code   RO          393    .text.HAL_DMA_Init  stm32f4xx_hal_dma.o
    0x08001742   0x08001742   0x00000002   PAD
    0x08001744   0x08001744   0x0000019e   Code   RO          355    .text.HAL_GPIO_Init  stm32f4xx_hal_gpio.o
    0x080018e2   0x080018e2   0x00000002   PAD
    0x080018e4   0x080018e4   0x0000000c   Code   RO          552    .text.HAL_GetTick   stm32f4xx_hal.o
    0x080018f0   0x080018f0   0x0000001a   Code   RO          550    .text.HAL_IncTick   stm32f4xx_hal.o
    0x0800190a   0x0800190a   0x00000002   PAD
    0x0800190c   0x0800190c   0x00000036   Code   RO          540    .text.HAL_Init      stm32f4xx_hal.o
    0x08001942   0x08001942   0x00000002   PAD
    0x08001944   0x08001944   0x00000048   Code   RO          542    .text.HAL_InitTick  stm32f4xx_hal.o
    0x0800198c   0x0800198c   0x00000038   Code   RO          140    .text.HAL_MspInit   stm32f4xx_hal_msp.o
    0x080019c4   0x080019c4   0x00000022   Code   RO          492    .text.HAL_NVIC_EnableIRQ  stm32f4xx_hal_cortex.o
    0x080019e6   0x080019e6   0x00000002   PAD
    0x080019e8   0x080019e8   0x00000056   Code   RO          490    .text.HAL_NVIC_SetPriority  stm32f4xx_hal_cortex.o
    0x08001a3e   0x08001a3e   0x00000002   PAD
    0x08001a40   0x08001a40   0x00000020   Code   RO          488    .text.HAL_NVIC_SetPriorityGrouping  stm32f4xx_hal_cortex.o
    0x08001a60   0x08001a60   0x00000164   Code   RO          249    .text.HAL_RCC_ClockConfig  stm32f4xx_hal_rcc.o
    0x08001bc4   0x08001bc4   0x00000026   Code   RO          261    .text.HAL_RCC_GetPCLK1Freq  stm32f4xx_hal_rcc.o
    0x08001bea   0x08001bea   0x00000002   PAD
    0x08001bec   0x08001bec   0x00000026   Code   RO          263    .text.HAL_RCC_GetPCLK2Freq  stm32f4xx_hal_rcc.o
    0x08001c12   0x08001c12   0x00000002   PAD
    0x08001c14   0x08001c14   0x0000006c   Code   RO          251    .text.HAL_RCC_GetSysClockFreq  stm32f4xx_hal_rcc.o
    0x08001c80   0x08001c80   0x000003b0   Code   RO          247    .text.HAL_RCC_OscConfig  stm32f4xx_hal_rcc.o
    0x08002030   0x08002030   0x0000002c   Code   RO          500    .text.HAL_SYSTICK_Config  stm32f4xx_hal_cortex.o
    0x0800205c   0x0800205c   0x00000002   Code   RO          935    .text.HAL_TIMEx_BreakCallback  stm32f4xx_hal_tim_ex.o
    0x0800205e   0x0800205e   0x00000002   PAD
    0x08002060   0x08002060   0x00000002   Code   RO          931    .text.HAL_TIMEx_CommutCallback  stm32f4xx_hal_tim_ex.o
    0x08002062   0x08002062   0x00000002   PAD
    0x08002064   0x08002064   0x000000ba   Code   RO          925    .text.HAL_TIMEx_MasterConfigSynchronization  stm32f4xx_hal_tim_ex.o
    0x0800211e   0x0800211e   0x00000002   PAD
    0x08002120   0x08002120   0x0000005a   Code   RO          630    .text.HAL_TIM_Base_Init  stm32f4xx_hal_tim.o
    0x0800217a   0x0800217a   0x00000002   PAD
    0x0800217c   0x0800217c   0x00000042   Code   RO           77    .text.HAL_TIM_Base_MspInit  tim.o
    0x080021be   0x080021be   0x00000002   PAD
    0x080021c0   0x080021c0   0x000000aa   Code   RO          644    .text.HAL_TIM_Base_Start_IT  stm32f4xx_hal_tim.o
    0x0800226a   0x0800226a   0x00000002   PAD
    0x0800226c   0x0800226c   0x000001a0   Code   RO          810    .text.HAL_TIM_ConfigClockSource  stm32f4xx_hal_tim.o
    0x0800240c   0x0800240c   0x00000002   Code   RO          766    .text.HAL_TIM_IC_CaptureCallback  stm32f4xx_hal_tim.o
    0x0800240e   0x0800240e   0x00000002   PAD
    0x08002410   0x08002410   0x0000014e   Code   RO          764    .text.HAL_TIM_IRQHandler  stm32f4xx_hal_tim.o
    0x0800255e   0x0800255e   0x00000002   PAD
    0x08002560   0x08002560   0x00000002   Code   RO          768    .text.HAL_TIM_OC_DelayElapsedCallback  stm32f4xx_hal_tim.o
    0x08002562   0x08002562   0x00000002   PAD
    0x08002564   0x08002564   0x00000002   Code   RO          770    .text.HAL_TIM_PWM_PulseFinishedCallback  stm32f4xx_hal_tim.o
    0x08002566   0x08002566   0x00000002   PAD
    0x08002568   0x08002568   0x00000072   Code   RO          105    .text.HAL_TIM_PeriodElapsedCallback  stm32f4xx_it.o
    0x080025da   0x080025da   0x00000002   PAD
    0x080025dc   0x080025dc   0x00000002   Code   RO          774    .text.HAL_TIM_TriggerCallback  stm32f4xx_hal_tim.o
    0x080025de   0x080025de   0x00000002   PAD
    0x080025e0   0x080025e0   0x00000060   Code   RO          949    .text.HAL_UART_Init  stm32f4xx_hal_uart.o
    0x08002640   0x08002640   0x0000006c   Code   RO           92    .text.HAL_UART_MspInit  usart.o
    0x080026ac   0x080026ac   0x00000178   Code   RO          965    .text.HAL_UART_Transmit  stm32f4xx_hal_uart.o
    0x08002824   0x08002824   0x00000002   Code   RO          109    .text.HardFault_Handler  stm32f4xx_it.o
    0x08002826   0x08002826   0x00000002   PAD
    0x08002828   0x08002828   0x00000070   Code   RO           50    .text.MX_ADC1_Init  adc.o
    0x08002898   0x08002898   0x00000038   Code   RO           66    .text.MX_DMA_Init   dma.o
    0x080028d0   0x080028d0   0x00000038   Code   RO           42    .text.MX_GPIO_Init  gpio.o
    0x08002908   0x08002908   0x00000074   Code   RO           75    .text.MX_TIM2_Init  tim.o
    0x0800297c   0x0800297c   0x0000003c   Code   RO           90    .text.MX_USART1_UART_Init  usart.o
    0x080029b8   0x080029b8   0x00000002   Code   RO          111    .text.MemManage_Handler  stm32f4xx_it.o
    0x080029ba   0x080029ba   0x00000002   PAD
    0x080029bc   0x080029bc   0x00000002   Code   RO          107    .text.NMI_Handler   stm32f4xx_it.o
    0x080029be   0x080029be   0x00000002   PAD
    0x080029c0   0x080029c0   0x00000002   Code   RO          121    .text.PendSV_Handler  stm32f4xx_it.o
    0x080029c2   0x080029c2   0x00000002   PAD
    0x080029c4   0x080029c4   0x00000002   Code   RO          117    .text.SVC_Handler   stm32f4xx_it.o
    0x080029c6   0x080029c6   0x00000002   PAD
    0x080029c8   0x080029c8   0x00000064   Code   RO           21    .text.Send_Data_To_Vofa  main.o
    0x08002a2c   0x08002a2c   0x00000004   Code   RO          123    .text.SysTick_Handler  stm32f4xx_it.o
    0x08002a30   0x08002a30   0x000000a8   Code   RO           27    .text.SystemClock_Config  main.o
    0x08002ad8   0x08002ad8   0x00000012   Code   RO         1071    .text.SystemInit    system_stm32f4xx.o
    0x08002aea   0x08002aea   0x00000002   PAD
    0x08002aec   0x08002aec   0x0000000c   Code   RO          127    .text.TIM2_IRQHandler  stm32f4xx_it.o
    0x08002af8   0x08002af8   0x0000014c   Code   RO          634    .text.TIM_Base_SetConfig  stm32f4xx_hal_tim.o
    0x08002c44   0x08002c44   0x000000ee   Code   RO          953    .text.UART_SetConfig  stm32f4xx_hal_uart.o
    0x08002d32   0x08002d32   0x00000002   PAD
    0x08002d34   0x08002d34   0x00000002   Code   RO          115    .text.UsageFault_Handler  stm32f4xx_it.o
    0x08002d36   0x08002d36   0x00000002   PAD
    0x08002d38   0x08002d38   0x0000002e   Code   RO           25    .text.main          main.o
    0x08002d66   0x08002d66   0x0000003e   Code   RO         1283    CL$$btod_d2e        c_w.l(btod.o)
    0x08002da4   0x08002da4   0x00000046   Code   RO         1285    CL$$btod_d2e_denorm_low  c_w.l(btod.o)
    0x08002dea   0x08002dea   0x00000060   Code   RO         1284    CL$$btod_d2e_norm_op1  c_w.l(btod.o)
    0x08002e4a   0x08002e4a   0x00000002   PAD
    0x08002e4c   0x08002e4c   0x00000338   Code   RO         1293    CL$$btod_div_common  c_w.l(btod.o)
    0x08003184   0x08003184   0x000000dc   Code   RO         1290    CL$$btod_e2e        c_w.l(btod.o)
    0x08003260   0x08003260   0x0000002a   Code   RO         1287    CL$$btod_ediv       c_w.l(btod.o)
    0x0800328a   0x0800328a   0x0000002a   Code   RO         1286    CL$$btod_emul       c_w.l(btod.o)
    0x080032b4   0x080032b4   0x00000244   Code   RO         1292    CL$$btod_mult_common  c_w.l(btod.o)
    0x080034f8   0x080034f8   0x00000030   Code   RO         1316    i.__ARM_fpclassify  m_wm.l(fpclassify.o)
    0x08003528   0x08003528   0x00000026   Code   RO         1228    i.__ARM_fpclassifyf  m_wm.l(fpclassifyf.o)
    0x0800354e   0x0800354e   0x00000002   PAD
    0x08003550   0x08003550   0x00000150   Code   RO         1136    i.__hardfp_cosf     m_wm.l(cosf.o)
    0x080036a0   0x080036a0   0x000001ec   Code   RO         1142    i.__hardfp_expf     m_wm.l(expf.o)
    0x0800388c   0x0800388c   0x0000016c   Code   RO         1149    i.__hardfp_logf     m_wm.l(logf.o)
    0x080039f8   0x080039f8   0x00000014   Code   RO         1230    i.__mathlib_flt_divzero  m_wm.l(funder.o)
    0x08003a0c   0x08003a0c   0x00000006   Code   RO         1231    i.__mathlib_flt_infnan  m_wm.l(funder.o)
    0x08003a12   0x08003a12   0x00000002   PAD
    0x08003a14   0x08003a14   0x00000010   Code   RO         1233    i.__mathlib_flt_invalid  m_wm.l(funder.o)
    0x08003a24   0x08003a24   0x00000010   Code   RO         1234    i.__mathlib_flt_overflow  m_wm.l(funder.o)
    0x08003a34   0x08003a34   0x00000010   Code   RO         1236    i.__mathlib_flt_underflow  m_wm.l(funder.o)
    0x08003a44   0x08003a44   0x00000154   Code   RO         1244    i.__mathlib_rredf2  m_wm.l(rredf.o)
    0x08003b98   0x08003b98   0x0000000e   Code   RO         1105    i._is_digit         c_w.l(__printf_wp.o)
    0x08003ba6   0x08003ba6   0x00000002   PAD
    0x08003ba8   0x08003ba8   0x0000002c   Code   RO         1308    locale$$code        c_w.l(lc_numeric_c.o)
    0x08003bd4   0x08003bd4   0x00000062   Code   RO         1128    x$fpl$d2f           fz_wm.l(d2f.o)
    0x08003c36   0x08003c36   0x00000002   PAD
    0x08003c38   0x08003c38   0x00000154   Code   RO         1130    x$fpl$dmul          fz_wm.l(dmul.o)
    0x08003d8c   0x08003d8c   0x0000009c   Code   RO         1219    x$fpl$dnaninf       fz_wm.l(dnaninf.o)
    0x08003e28   0x08003e28   0x0000000c   Code   RO         1221    x$fpl$dretinf       fz_wm.l(dretinf.o)
    0x08003e34   0x08003e34   0x00000056   Code   RO         1132    x$fpl$f2d           fz_wm.l(f2d.o)
    0x08003e8a   0x08003e8a   0x0000008c   Code   RO         1223    x$fpl$fnaninf       fz_wm.l(fnaninf.o)
    0x08003f16   0x08003f16   0x0000001a   Code   RO         1312    x$fpl$fpinit        fz_wm.l(fpinit.o)
    0x08003f30   0x08003f30   0x0000000a   Code   RO         1225    x$fpl$fretinf       fz_wm.l(fretinf.o)
    0x08003f3a   0x08003f3a   0x00000004   Code   RO         1134    x$fpl$printf1       fz_wm.l(printf1.o)
    0x08003f3e   0x08003f3e   0x00000000   Code   RO         1227    x$fpl$usenofp       fz_wm.l(usenofp.o)
    0x08003f3e   0x08003f3e   0x00000002   PAD
    0x08003f40   0x08003f40   0x00000030   Data   RO         1145    .constdata          m_wm.l(expf.o)
    0x08003f70   0x08003f70   0x00000040   Data   RO         1152    .constdata          m_wm.l(logf.o)
    0x08003fb0   0x08003fb0   0x00000020   Data   RO         1245    .constdata          m_wm.l(rredf.o)
    0x08003fd0   0x08003fd0   0x00000094   Data   RO         1281    .constdata          c_w.l(bigflt0.o)
    0x08004064   0x08004064   0x00000010   Data   RO         1076    .rodata.AHBPrescTable  system_stm32f4xx.o
    0x08004074   0x08004074   0x00000008   Data   RO         1077    .rodata.APBPrescTable  system_stm32f4xx.o
    0x0800407c   0x0800407c   0x00000008   Data   RO          417    .rodata.cst8        stm32f4xx_hal_dma.o
    0x08004084   0x08004084   0x00000020   Data   RO         1423    Region$$Table       anon$$obj.o
    0x080040a4   0x080040a4   0x0000001c   Data   RO         1307    locale$$data        c_w.l(lc_numeric_c.o)


    Execution Region RW_IRAM1 (Exec base: 0x20000000, Load base: 0x080040c0, Size: 0x00000ed8, Max: 0x0001c000, ABSOLUTE)

    Exec Addr    Load Addr    Size         Type   Attr      Idx    E Section Name        Object

    0x20000000   0x080040c0   0x00000008   Data   RW          595    .data..L_MergedGlobals  stm32f4xx_hal.o
    0x20000008   0x080040c8   0x00000004   Data   RW         1075    .data.SystemCoreClock  system_stm32f4xx.o
    0x2000000c   0x080040cc   0x00000004   PAD
    0x20000010        -       0x000000e4   Zero   RW         1119    .bss                c_w.l(rand.o)
    0x200000f4        -       0x00000060   Zero   RW         1319    .bss                c_w.l(libspace.o)
    0x20000154        -       0x00000002   Zero   RW          131    .bss.data_index     stm32f4xx_it.o
    0x20000156   0x080040cc   0x00000002   PAD
    0x20000158        -       0x00000320   Zero   RW           32    .bss.gaussian_waveform  main.o
    0x20000478        -       0x00000320   Zero   RW           31    .bss.gaussian_waveform_2  main.o
    0x20000798        -       0x00000048   Zero   RW           56    .bss.hadc1          adc.o
    0x200007e0        -       0x00000060   Zero   RW           57    .bss.hdma_adc1      adc.o
    0x20000840        -       0x00000048   Zero   RW           81    .bss.htim2          tim.o
    0x20000888        -       0x00000048   Zero   RW           96    .bss.huart1         usart.o
    0x200008d0        -       0x00000004   Zero   RW          594    .bss.uwTick         stm32f4xx_hal.o
    0x200008d4   0x080040cc   0x00000004   PAD
    0x200008d8        -       0x00000200   Zero   RW            2    HEAP                startup_stm32f407xx.o
    0x20000ad8        -       0x00000400   Zero   RW            1    STACK               startup_stm32f407xx.o


    Execution Region RW_IRAM2 (Exec base: 0x2001c000, Load base: 0x080040d0, Size: 0x00000000, Max: 0x00004000, ABSOLUTE)

    **** No section assigned to this execution region ****


==============================================================================

Image component sizes


      Code (inc. data)   RO Data    RW Data    ZI Data      Debug   Object Name

       302          0          0          0        168       7270   adc.o
        56          0          0          0          0       3466   dma.o
        56          0          0          0          0       1431   gpio.o
       920         48          0          0       1600      10827   main.o
        64         26        392          0       1536        832   startup_stm32f407xx.o
       164          0          0          8          4       7301   stm32f4xx_hal.o
       992          0          0          0          0      12266   stm32f4xx_hal_adc.o
         2          0          0          0          0       9971   stm32f4xx_hal_adc_ex.o
       196          0          0          0          0      10755   stm32f4xx_hal_cortex.o
       802          6          8          0          0      10732   stm32f4xx_hal_dma.o
       414          0          0          0          0       5329   stm32f4xx_hal_gpio.o
        56          0          0          0          0       1457   stm32f4xx_hal_msp.o
      1484          0          0          0          0       7445   stm32f4xx_hal_rcc.o
      1350          0          0          0          0      55570   stm32f4xx_hal_tim.o
       190          0          0          0          0      21020   stm32f4xx_hal_tim_ex.o
       710          0          0          0          0      32100   stm32f4xx_hal_uart.o
       170          0          0          0          2       6406   stm32f4xx_it.o
        18          0         24          4          0       2645   system_stm32f4xx.o
       182          0          0          0         72       7331   tim.o
       168          0          0          0         72       5250   usart.o

    ----------------------------------------------------------------------
      8378         80        456         12       3464     219404   Object Totals
         0          0         32          0          0          0   (incl. Generated)
        82          0          0          0         10          0   (incl. Padding)

    ----------------------------------------------------------------------

      Code (inc. data)   RO Data    RW Data    ZI Data      Debug   Library Member Name

         8          0          0          0          0         68   __main.o
       284          0          0          0          0        156   __printf_wp.o
         0          0          0          0          0          0   __rtentry.o
        12          0          0          0          0          0   __rtentry2.o
         6          0          0          0          0          0   __rtentry4.o
        94          8          0          0          0          0   __scatter.o
        26          0          0          0          0          0   __scatter_copy.o
        28          0          0          0          0          0   __scatter_zi.o
        48          6          0          0          0         96   _printf_char_common.o
         6          0          0          0          0          0   _printf_f.o
      1052          0          0          0          0        148   _printf_fp_dec.o
       128         16          0          0          0         84   _printf_fp_infnan.o
         0          0          0          0          0          0   _printf_percent.o
         4          0          0          0          0          0   _printf_percent_end.o
        22          0          0          0          0        100   _rserrno.o
        10          0          0          0          0         68   _sputc.o
       228          4        148          0          0         96   bigflt0.o
      1936        128          0          0          0        668   btod.o
        18          0          0          0          0         80   exit.o
         6          0          0          0          0        152   heapauxi.o
         0          0          0          0          0          0   indicate_semi.o
        44         10         28          0          0         76   lc_numeric_c.o
         2          0          0          0          0          0   libinit.o
        26          0          0          0          0          0   libinit2.o
         2          0          0          0          0          0   libshutdown.o
         2          0          0          0          0          0   libshutdown2.o
         8          4          0          0         96         68   libspace.o
       138          0          0          0          0         80   lludiv10.o
       240          0          0          0          0        100   lludivv7m.o
        40          6          0          0          0         84   noretval__2sprintf.o
       112         18          0          0        228        160   rand.o
         8          4          0          0          0         68   rt_errno_addr_intlibspace.o
         8          4          0          0          0         68   rt_locale_intlibspace.o
         2          0          0          0          0          0   rtexit.o
        10          0          0          0          0          0   rtexit2.o
       124          0          0          0          0         88   strcmpv7em.o
        62          0          0          0          0         76   strlen.o
        12          4          0          0          0         68   sys_exit.o
        74          0          0          0          0         80   sys_stackheap_outer.o
         2          0          0          0          0         68   use_no_semi.o
        98          4          0          0          0        140   d2f.o
       340         12          0          0          0        152   dmul.o
       156          4          0          0          0        140   dnaninf.o
        12          0          0          0          0        116   dretinf.o
        86          4          0          0          0        132   f2d.o
       140          4          0          0          0        132   fnaninf.o
        26          0          0          0          0        116   fpinit.o
        10          0          0          0          0        116   fretinf.o
         4          0          0          0          0        116   printf1.o
         0          0          0          0          0          0   usenofp.o
       336         56          0          0          0        136   cosf.o
       492         62         48          0          0        236   expf.o
        48          0          0          0          0        124   fpclassify.o
        38          0          0          0          0        116   fpclassifyf.o
        74         24          0          0          0        580   funder.o
       364         44         64          0          0        140   logf.o
       340         24         32          0          0        160   rredf.o

    ----------------------------------------------------------------------
      7422        450        320          0        324       5452   Library Totals
        26          0          0          0          0          0   (incl. Padding)

    ----------------------------------------------------------------------

      Code (inc. data)   RO Data    RW Data    ZI Data      Debug   Library Name

      4832        212        176          0        324       2800   c_w.l
       872         28          0          0          0       1160   fz_wm.l
      1692        210        144          0          0       1492   m_wm.l

    ----------------------------------------------------------------------
      7422        450        320          0        324       5452   Library Totals

    ----------------------------------------------------------------------

==============================================================================


      Code (inc. data)   RO Data    RW Data    ZI Data      Debug   

     15800        530        776         12       3788     221256   Grand Totals
     15800        530        776         12       3788     221256   ELF Image Totals
     15800        530        776         12          0          0   ROM Totals

==============================================================================

    Total RO  Size (Code + RO Data)                16576 (  16.19kB)
    Total RW  Size (RW Data + ZI Data)              3800 (   3.71kB)
    Total ROM Size (Code + RO Data + RW Data)      16588 (  16.20kB)

==============================================================================

